Component: ARM Compiler 5.05 update 1 (build 106) Tool: armlink [4d0efa]

==============================================================================

Section Cross References

    main.o(i.advertising_init) refers to memseta.o(.text) for __aeabi_memclr4
    main.o(i.advertising_init) refers to ble_advdata.o(i.ble_advdata_set) for ble_advdata_set
    main.o(i.advertising_init) refers to main.o(.data) for .data
    main.o(i.advertising_init) refers to main.o(.bss) for .bss
    main.o(i.freq_meas_timeout_handler) refers to app_timer.o(i.app_timer_stop) for app_timer_stop
    main.o(i.freq_meas_timeout_handler) refers to dfltui.o(.text) for __aeabi_ui2d
    main.o(i.freq_meas_timeout_handler) refers to ddiv.o(.text) for __aeabi_ddiv
    main.o(i.freq_meas_timeout_handler) refers to dmul.o(.text) for __aeabi_dmul
    main.o(i.freq_meas_timeout_handler) refers to dadd.o(.text) for __aeabi_dsub
    main.o(i.freq_meas_timeout_handler) refers to dfixui.o(.text) for __aeabi_d2uiz
    main.o(i.freq_meas_timeout_handler) refers to ble_advdata.o(i.ble_advdata_set) for ble_advdata_set
    main.o(i.freq_meas_timeout_handler) refers to main.o(.data) for .data
    main.o(i.freq_meas_timeout_handler) refers to main.o(.bss) for .bss
    main.o(i.gpio_cnf) refers to main.o(i.nrf_gpio_pin_dir_set) for nrf_gpio_pin_dir_set
    main.o(i.gpio_cnf) refers to main.o(i.nrf_gpio_pin_set) for nrf_gpio_pin_set
    main.o(i.main) refers to main.o(i.timer2_cnf) for timer2_cnf
    main.o(i.main) refers to app_timer.o(i.app_timer_init) for app_timer_init
    main.o(i.main) refers to app_error.o(i.app_error_handler) for app_error_handler
    main.o(i.main) refers to main.o(i.gpio_cnf) for gpio_cnf
    main.o(i.main) refers to main.o(i.measure_time_cnf) for measure_time_cnf
    main.o(i.main) refers to softdevice_handler.o(i.softdevice_handler_init) for softdevice_handler_init
    main.o(i.main) refers to ble_radio_notification.o(i.ble_radio_notification_init) for ble_radio_notification_init
    main.o(i.main) refers to main.o(i.ppi_cnf) for ppi_cnf
    main.o(i.main) refers to main.o(i.advertising_init) for advertising_init
    main.o(i.main) refers to main.o(.bss) for .bss
    main.o(i.main) refers to main.o(i.radio_notif_handler_evt) for radio_notif_handler_evt
    main.o(i.measure_time_cnf) refers to app_timer.o(i.app_timer_create) for app_timer_create
    main.o(i.measure_time_cnf) refers to main.o(i.freq_meas_timeout_handler) for freq_meas_timeout_handler
    main.o(i.measure_time_cnf) refers to main.o(.data) for .data
    main.o(i.radio_notif_handler_evt) refers to main.o(i.nrf_gpio_pin_set) for nrf_gpio_pin_set
    main.o(i.radio_notif_handler_evt) refers to app_timer.o(i.app_timer_start) for app_timer_start
    main.o(i.radio_notif_handler_evt) refers to main.o(.data) for .data
    bsp.o(i.bsp_button_event_handler) refers to bsp.o(.data) for .data
    bsp.o(i.bsp_button_event_handler) refers to bsp.o(.constdata) for .constdata
    bsp.o(i.bsp_button_is_pressed) refers to bsp.o(.constdata) for .constdata
    bsp.o(i.bsp_buttons_enable) refers to bsp.o(.constdata) for .constdata
    bsp.o(i.bsp_buttons_state_get) refers to bsp.o(.constdata) for .constdata
    bsp.o(i.bsp_event_to_button_assign) refers to bsp.o(.data) for .data
    bsp.o(i.bsp_indication_set) refers to bsp.o(i.bsp_led_indication) for bsp_led_indication
    bsp.o(i.bsp_indication_set) refers to bsp.o(.data) for .data
    bsp.o(i.bsp_indication_text_set) refers to bsp.o(i.bsp_indication_set) for bsp_indication_set
    bsp.o(i.bsp_init) refers to bsp.o(i.bsp_event_to_button_assign) for bsp_event_to_button_assign
    bsp.o(i.bsp_init) refers to app_button.o(i.app_button_init) for app_button_init
    bsp.o(i.bsp_init) refers to app_button.o(i.app_button_enable) for app_button_enable
    bsp.o(i.bsp_init) refers to app_timer.o(i.app_timer_create) for app_timer_create
    bsp.o(i.bsp_init) refers to bsp.o(.data) for .data
    bsp.o(i.bsp_init) refers to bsp.o(.constdata) for .constdata
    bsp.o(i.bsp_init) refers to bsp.o(i.leds_timer_handler) for leds_timer_handler
    bsp.o(i.bsp_init) refers to bsp.o(i.alert_timer_handler) for alert_timer_handler
    bsp.o(i.bsp_led_indication) refers to bsp.o(i.__ARM_common_switch8) for __ARM_common_switch8
    bsp.o(i.bsp_led_indication) refers to uidiv.o(.text) for __aeabi_uidivmod
    bsp.o(i.bsp_led_indication) refers to app_timer.o(i.app_timer_start) for app_timer_start
    bsp.o(i.bsp_led_indication) refers to app_timer.o(i.app_timer_stop) for app_timer_stop
    bsp.o(i.bsp_led_indication) refers to bsp.o(.data) for .data
    bsp.o(i.leds_timer_handler) refers to bsp.o(i.bsp_led_indication) for bsp_led_indication
    bsp.o(i.leds_timer_handler) refers to bsp.o(.data) for .data
    bsp.o(.constdata) refers to bsp.o(i.bsp_button_event_handler) for bsp_button_event_handler
    arm_startup_nrf51.o(RESET) refers to arm_startup_nrf51.o(STACK) for __initial_sp
[...]
    device_manager_peripheral.o(i.dm_service_context_delete) refers to device_manager_peripheral.o(.data) for .data
    device_manager_peripheral.o(i.dm_service_context_delete) refers to device_manager_peripheral.o(.bss) for .bss
    device_manager_peripheral.o(i.dm_service_context_get) refers to pstorage.o(i.pstorage_block_identifier_get) for pstorage_block_identifier_get
    device_manager_peripheral.o(i.dm_service_context_get) refers to device_manager_peripheral.o(.data) for .data
    device_manager_peripheral.o(i.dm_service_context_get) refers to device_manager_peripheral.o(.bss) for .bss
    device_manager_peripheral.o(i.dm_service_context_get) refers to device_manager_peripheral.o(.constdata) for .constdata
    device_manager_peripheral.o(i.dm_service_context_set) refers to memcpya.o(.text) for __aeabi_memcpy
    device_manager_peripheral.o(i.dm_service_context_set) refers to pstorage.o(i.pstorage_block_identifier_get) for pstorage_block_identifier_get
    device_manager_peripheral.o(i.dm_service_context_set) refers to device_manager_peripheral.o(.data) for .data
    device_manager_peripheral.o(i.dm_service_context_set) refers to device_manager_peripheral.o(.bss) for .bss
    device_manager_peripheral.o(i.dm_service_context_set) refers to device_manager_peripheral.o(.constdata) for .constdata
    device_manager_peripheral.o(i.dm_whitelist_create) refers to device_manager_peripheral.o(.data) for .data
    device_manager_peripheral.o(i.dm_whitelist_create) refers to device_manager_peripheral.o(.bss) for .bss
    device_manager_peripheral.o(i.gatts_context_apply) refers to device_manager_peripheral.o(.bss) for .bss
    device_manager_peripheral.o(i.gatts_context_load) refers to pstorage.o(i.pstorage_load) for pstorage_load
    device_manager_peripheral.o(i.gatts_context_load) refers to device_manager_peripheral.o(.bss) for .bss
    device_manager_peripheral.o(i.gatts_context_store) refers to memcmp.o(.text) for memcmp
    device_manager_peripheral.o(i.gatts_context_store) refers to memseta.o(.text) for __aeabi_memclr4
    device_manager_peripheral.o(i.gatts_context_store) refers to memcpya.o(.text) for __aeabi_memcpy4
    device_manager_peripheral.o(i.gatts_context_store) refers to device_manager_peripheral.o(.bss) for .bss
    device_manager_peripheral.o(i.gatts_context_store) refers to pstorage.o(i.pstorage_update) for pstorage_update
    device_manager_peripheral.o(i.gatts_context_store) refers to pstorage.o(i.pstorage_store) for pstorage_store
    device_manager_peripheral.o(i.gattsc_context_apply) refers to device_manager_peripheral.o(i.gatts_context_apply) for gatts_context_apply
    device_manager_peripheral.o(i.gattsc_context_load) refers to device_manager_peripheral.o(i.gatts_context_load) for gatts_context_load
    device_manager_peripheral.o(i.gattsc_context_store) refers to device_manager_peripheral.o(i.gatts_context_store) for gatts_context_store
    device_manager_peripheral.o(i.peer_instance_init) refers to memseta.o(.text) for __aeabi_memclr
    device_manager_peripheral.o(i.peer_instance_init) refers to device_manager_peripheral.o(i.update_status_bit_reset) for update_status_bit_reset
    device_manager_peripheral.o(i.peer_instance_init) refers to device_manager_peripheral.o(.bss) for .bss
    device_manager_peripheral.o(i.update_status_bit_reset) refers to device_manager_peripheral.o(.data) for .data
    device_manager_peripheral.o(.constdata) refers to device_manager_peripheral.o(i.no_service_context_store) for no_service_context_store
    device_manager_peripheral.o(.constdata) refers to device_manager_peripheral.o(i.gatts_context_store) for gatts_context_store
    device_manager_peripheral.o(.constdata) refers to device_manager_peripheral.o(i.gattc_context_store) for gattc_context_store
    device_manager_peripheral.o(.constdata) refers to device_manager_peripheral.o(i.gattsc_context_store) for gattsc_context_store
    device_manager_peripheral.o(.constdata) refers to device_manager_peripheral.o(i.no_service_context_load) for no_service_context_load
    device_manager_peripheral.o(.constdata) refers to device_manager_peripheral.o(i.gatts_context_load) for gatts_context_load
    device_manager_peripheral.o(.constdata) refers to device_manager_peripheral.o(i.gattc_context_load) for gattc_context_load
    device_manager_peripheral.o(.constdata) refers to device_manager_peripheral.o(i.gattsc_context_load) for gattsc_context_load
    device_manager_peripheral.o(.constdata) refers to device_manager_peripheral.o(i.no_service_context_apply) for no_service_context_apply
    device_manager_peripheral.o(.constdata) refers to device_manager_peripheral.o(i.gatts_context_apply) for gatts_context_apply
    device_manager_peripheral.o(.constdata) refers to device_manager_peripheral.o(i.gattc_context_apply) for gattc_context_apply
    device_manager_peripheral.o(.constdata) refers to device_manager_peripheral.o(i.gattsc_context_apply) for gattsc_context_apply
    ble_advdata.o(i.adv_data_encode) refers to ble_advdata.o(i.name_encode) for name_encode
    ble_advdata.o(i.adv_data_encode) refers to ble_advdata.o(i.uint16_encode) for uint16_encode
    ble_advdata.o(i.adv_data_encode) refers to ble_advdata.o(i.uuid_list_encode) for uuid_list_encode
    ble_advdata.o(i.adv_data_encode) refers to ble_advdata.o(i.conn_int_encode) for conn_int_encode
    ble_advdata.o(i.adv_data_encode) refers to ble_advdata.o(i.manuf_specific_data_encode) for manuf_specific_data_encode
    ble_advdata.o(i.adv_data_encode) refers to ble_advdata.o(i.service_data_encode) for service_data_encode
    ble_advdata.o(i.ble_advdata_set) refers to ble_advdata.o(i.adv_data_encode) for adv_data_encode
    ble_advdata.o(i.conn_int_encode) refers to ble_advdata.o(i.uint16_encode) for uint16_encode
    ble_advdata.o(i.manuf_specific_data_encode) refers to ble_advdata.o(i.uint16_encode) for uint16_encode
    ble_advdata.o(i.manuf_specific_data_encode) refers to memcpya.o(.text) for __aeabi_memcpy
    ble_advdata.o(i.service_data_encode) refers to ble_advdata.o(i.uint16_encode) for uint16_encode
    ble_advdata.o(i.service_data_encode) refers to memcpya.o(.text) for __aeabi_memcpy
    ble_advdata.o(i.uuid_list_encode) refers to ble_advdata.o(i.uuid_list_sized_encode) for uuid_list_sized_encode
    ble_conn_params.o(i.ble_conn_params_change_conn_params) refers to memcpya.o(.text) for __aeabi_memcpy
    ble_conn_params.o(i.ble_conn_params_change_conn_params) refers to ble_conn_params.o(i.is_conn_params_ok) for is_conn_params_ok
    ble_conn_params.o(i.ble_conn_params_change_conn_params) refers to ble_conn_params.o(.data) for .data
    ble_conn_params.o(i.ble_conn_params_change_conn_params) refers to ble_conn_params.o(.bss) for .bss
    ble_conn_params.o(i.ble_conn_params_init) refers to memcpya.o(.text) for __aeabi_memcpy4
    ble_conn_params.o(i.ble_conn_params_init) refers to app_timer.o(i.app_timer_create) for app_timer_create
    ble_conn_params.o(i.ble_conn_params_init) refers to ble_conn_params.o(.bss) for .bss
    ble_conn_params.o(i.ble_conn_params_init) refers to ble_conn_params.o(.data) for .data
    ble_conn_params.o(i.ble_conn_params_init) refers to ble_conn_params.o(i.update_timeout_handler) for update_timeout_handler
    ble_conn_params.o(i.ble_conn_params_on_ble_evt) refers to memcpya.o(.text) for __aeabi_memcpy
    ble_conn_params.o(i.ble_conn_params_on_ble_evt) refers to ble_conn_params.o(i.conn_params_negotiation) for conn_params_negotiation
    ble_conn_params.o(i.ble_conn_params_on_ble_evt) refers to app_timer.o(i.app_timer_stop) for app_timer_stop
    ble_conn_params.o(i.ble_conn_params_on_ble_evt) refers to ble_conn_params.o(.data) for .data
    ble_conn_params.o(i.ble_conn_params_on_ble_evt) refers to ble_conn_params.o(.bss) for .bss
    ble_conn_params.o(i.ble_conn_params_stop) refers to app_timer.o(i.app_timer_stop) for app_timer_stop
    ble_conn_params.o(i.ble_conn_params_stop) refers to ble_conn_params.o(.data) for .data
    ble_conn_params.o(i.conn_params_negotiation) refers to ble_conn_params.o(i.is_conn_params_ok) for is_conn_params_ok
    ble_conn_params.o(i.conn_params_negotiation) refers to app_timer.o(i.app_timer_start) for app_timer_start
    ble_conn_params.o(i.conn_params_negotiation) refers to ble_conn_params.o(.data) for .data
    ble_conn_params.o(i.conn_params_negotiation) refers to ble_conn_params.o(.bss) for .bss
    ble_conn_params.o(i.is_conn_params_ok) refers to ble_conn_params.o(.data) for .data
    ble_conn_params.o(i.update_timeout_handler) refers to ble_conn_params.o(.data) for .data
    ble_conn_params.o(i.update_timeout_handler) refers to ble_conn_params.o(.bss) for .bss
    ble_radio_notification.o(i.SWI1_IRQHandler) refers to ble_radio_notification.o(.data) for .data
    ble_radio_notification.o(i.ble_radio_notification_init) refers to ble_radio_notification.o(.data) for .data
    nrf_delay.o(i.nrf_delay_ms) refers to nrf_delay.o(.emb_text) for __asm___11_nrf_delay_c_532987f3__nrf_delay_us
    nrf_drv_ppi.o(i.is_allocated_channel) refers to nrf_drv_ppi.o(.data) for .data
    nrf_drv_ppi.o(i.is_allocated_group) refers to nrf_drv_ppi.o(.data) for .data
    nrf_drv_ppi.o(i.nrf_drv_ppi_channel_alloc) refers to nrf_drv_ppi.o(i.current_int_priority_get) for current_int_priority_get
    nrf_drv_ppi.o(i.nrf_drv_ppi_channel_alloc) refers to app_error.o(i.app_error_handler) for app_error_handler
    nrf_drv_ppi.o(i.nrf_drv_ppi_channel_alloc) refers to nrf_drv_ppi.o(i.is_allocated_channel) for is_allocated_channel
    nrf_drv_ppi.o(i.nrf_drv_ppi_channel_alloc) refers to nrf_drv_ppi.o(.data) for .data
    nrf_drv_ppi.o(i.nrf_drv_ppi_channel_assign) refers to nrf_drv_ppi.o(i.is_programmable_app_channel) for is_programmable_app_channel
    nrf_drv_ppi.o(i.nrf_drv_ppi_channel_assign) refers to nrf_drv_ppi.o(i.is_allocated_channel) for is_allocated_channel
    nrf_drv_ppi.o(i.nrf_drv_ppi_channel_disable) refers to nrf_drv_ppi.o(i.is_app_channel) for is_app_channel
    nrf_drv_ppi.o(i.nrf_drv_ppi_channel_disable) refers to nrf_drv_ppi.o(i.is_programmable_app_channel) for is_programmable_app_channel
    nrf_drv_ppi.o(i.nrf_drv_ppi_channel_disable) refers to nrf_drv_ppi.o(i.is_allocated_channel) for is_allocated_channel
    nrf_drv_ppi.o(i.nrf_drv_ppi_channel_enable) refers to nrf_drv_ppi.o(i.is_app_channel) for is_app_channel
    nrf_drv_ppi.o(i.nrf_drv_ppi_channel_enable) refers to nrf_drv_ppi.o(i.is_programmable_app_channel) for is_programmable_app_channel
    nrf_drv_ppi.o(i.nrf_drv_ppi_channel_enable) refers to nrf_drv_ppi.o(i.is_allocated_channel) for is_allocated_channel
    nrf_drv_ppi.o(i.nrf_drv_ppi_channel_free) refers to nrf_drv_ppi.o(i.is_programmable_app_channel) for is_programmable_app_channel
    nrf_drv_ppi.o(i.nrf_drv_ppi_channel_free) refers to nrf_drv_ppi.o(i.current_int_priority_get) for current_int_priority_get
    nrf_drv_ppi.o(i.nrf_drv_ppi_channel_free) refers to app_error.o(i.app_error_handler) for app_error_handler
    nrf_drv_ppi.o(i.nrf_drv_ppi_channel_free) refers to nrf_drv_ppi.o(.data) for .data
    nrf_drv_ppi.o(i.nrf_drv_ppi_channel_include_in_group) refers to nrf_drv_ppi.o(i.is_app_group) for is_app_group
    nrf_drv_ppi.o(i.nrf_drv_ppi_channel_include_in_group) refers to nrf_drv_ppi.o(i.is_allocated_group) for is_allocated_group
    nrf_drv_ppi.o(i.nrf_drv_ppi_channel_include_in_group) refers to nrf_drv_ppi.o(i.is_app_channel) for is_app_channel
    nrf_drv_ppi.o(i.nrf_drv_ppi_channel_include_in_group) refers to nrf_drv_ppi.o(i.current_int_priority_get) for current_int_priority_get
    nrf_drv_ppi.o(i.nrf_drv_ppi_channel_include_in_group) refers to app_error.o(i.app_error_handler) for app_error_handler
    nrf_drv_ppi.o(i.nrf_drv_ppi_channel_remove_from_group) refers to nrf_drv_ppi.o(i.is_app_group) for is_app_group
    nrf_drv_ppi.o(i.nrf_drv_ppi_channel_remove_from_group) refers to nrf_drv_ppi.o(i.is_allocated_group) for is_allocated_group
    nrf_drv_ppi.o(i.nrf_drv_ppi_channel_remove_from_group) refers to nrf_drv_ppi.o(i.is_app_channel) for is_app_channel
    nrf_drv_ppi.o(i.nrf_drv_ppi_channel_remove_from_group) refers to nrf_drv_ppi.o(i.current_int_priority_get) for current_int_priority_get
    nrf_drv_ppi.o(i.nrf_drv_ppi_channel_remove_from_group) refers to app_error.o(i.app_error_handler) for app_error_handler
    nrf_drv_ppi.o(i.nrf_drv_ppi_group_alloc) refers to nrf_drv_ppi.o(i.current_int_priority_get) for current_int_priority_get
    nrf_drv_ppi.o(i.nrf_drv_ppi_group_alloc) refers to app_error.o(i.app_error_handler) for app_error_handler
    nrf_drv_ppi.o(i.nrf_drv_ppi_group_alloc) refers to nrf_drv_ppi.o(i.is_allocated_group) for is_allocated_group
    nrf_drv_ppi.o(i.nrf_drv_ppi_group_alloc) refers to nrf_drv_ppi.o(.data) for .data
    nrf_drv_ppi.o(i.nrf_drv_ppi_group_disable) refers to nrf_drv_ppi.o(i.is_app_group) for is_app_group
    nrf_drv_ppi.o(i.nrf_drv_ppi_group_enable) refers to nrf_drv_ppi.o(i.is_app_group) for is_app_group
    nrf_drv_ppi.o(i.nrf_drv_ppi_group_enable) refers to nrf_drv_ppi.o(i.is_allocated_group) for is_allocated_group
    nrf_drv_ppi.o(i.nrf_drv_ppi_group_free) refers to nrf_drv_ppi.o(i.is_app_group) for is_app_group
    nrf_drv_ppi.o(i.nrf_drv_ppi_group_free) refers to nrf_drv_ppi.o(i.is_allocated_group) for is_allocated_group
    nrf_drv_ppi.o(i.nrf_drv_ppi_group_free) refers to nrf_drv_ppi.o(i.current_int_priority_get) for current_int_priority_get
    nrf_drv_ppi.o(i.nrf_drv_ppi_group_free) refers to app_error.o(i.app_error_handler) for app_error_handler
    nrf_drv_ppi.o(i.nrf_drv_ppi_group_free) refers to nrf_drv_ppi.o(.data) for .data
    nrf_drv_ppi.o(i.nrf_drv_ppi_init) refers to nrf_drv_ppi.o(.data) for .data
    nrf_drv_ppi.o(i.nrf_drv_ppi_uninit) refers to nrf_drv_ppi.o(.data) for .data
    app_uart_fifo.o(i.UART0_IRQHandler) refers to app_fifo.o(i.app_fifo_put) for app_fifo_put
    app_uart_fifo.o(i.UART0_IRQHandler) refers to app_uart_fifo.o(i.on_uart_event) for on_uart_event
    app_uart_fifo.o(i.UART0_IRQHandler) refers to app_uart_fifo.o(.data) for .data
    app_uart_fifo.o(i.UART0_IRQHandler) refers to app_uart_fifo.o(.bss) for .bss
    app_uart_fifo.o(i.action_tx_send) refers to app_fifo.o(i.app_fifo_get) for app_fifo_get
    app_uart_fifo.o(i.action_tx_send) refers to app_uart_fifo.o(i.action_tx_stop) for action_tx_stop
    app_uart_fifo.o(i.action_tx_send) refers to app_uart_fifo.o(.data) for .data
    app_uart_fifo.o(i.action_tx_send) refers to app_uart_fifo.o(.bss) for .bss
    app_uart_fifo.o(i.action_tx_stop) refers to app_uart_fifo.o(.data) for .data
    app_uart_fifo.o(i.action_uart_deactivate) refers to app_uart_fifo.o(.data) for .data
    app_uart_fifo.o(i.app_uart_close) refers to app_uart_fifo.o(i.on_uart_event) for on_uart_event
    app_uart_fifo.o(i.app_uart_close) refers to app_gpiote.o(i.app_gpiote_user_disable) for app_gpiote_user_disable
    app_uart_fifo.o(i.app_uart_close) refers to app_uart_fifo.o(.data) for .data
    app_uart_fifo.o(i.app_uart_flush) refers to app_fifo.o(i.app_fifo_flush) for app_fifo_flush
    app_uart_fifo.o(i.app_uart_flush) refers to app_uart_fifo.o(.bss) for .bss
    app_uart_fifo.o(i.app_uart_get) refers to app_fifo.o(i.app_fifo_get) for app_fifo_get
    app_uart_fifo.o(i.app_uart_get) refers to app_uart_fifo.o(.bss) for .bss
    app_uart_fifo.o(i.app_uart_get_connection_state) refers to app_uart_fifo.o(.data) for .data
    app_uart_fifo.o(i.app_uart_init) refers to app_fifo.o(i.app_fifo_init) for app_fifo_init
    app_uart_fifo.o(i.app_uart_init) refers to app_gpiote.o(i.app_gpiote_user_register) for app_gpiote_user_register
    app_uart_fifo.o(i.app_uart_init) refers to app_gpiote.o(i.app_gpiote_pins_state_get) for app_gpiote_pins_state_get
    app_uart_fifo.o(i.app_uart_init) refers to app_gpiote.o(i.app_gpiote_user_enable) for app_gpiote_user_enable
    app_uart_fifo.o(i.app_uart_init) refers to app_uart_fifo.o(i.on_uart_event) for on_uart_event
    app_uart_fifo.o(i.app_uart_init) refers to app_uart_fifo.o(.data) for .data
    app_uart_fifo.o(i.app_uart_init) refers to app_uart_fifo.o(.bss) for .bss
    app_uart_fifo.o(i.app_uart_init) refers to app_uart_fifo.o(i.gpiote_uart_event_handler) for gpiote_uart_event_handler
    app_uart_fifo.o(i.app_uart_put) refers to app_fifo.o(i.app_fifo_put) for app_fifo_put
    app_uart_fifo.o(i.app_uart_put) refers to app_uart_fifo.o(i.on_uart_event) for on_uart_event
    app_uart_fifo.o(i.app_uart_put) refers to app_uart_fifo.o(.bss) for .bss
    app_uart_fifo.o(i.gpiote_uart_event_handler) refers to app_gpiote.o(i.app_gpiote_pins_state_get) for app_gpiote_pins_state_get
    app_uart_fifo.o(i.gpiote_uart_event_handler) refers to app_uart_fifo.o(i.on_uart_event) for on_uart_event
    app_uart_fifo.o(i.gpiote_uart_event_handler) refers to app_uart_fifo.o(.data) for .data
    app_uart_fifo.o(i.on_uart_event) refers to bsp.o(i.__ARM_common_switch8) for __ARM_common_switch8
    app_uart_fifo.o(i.on_uart_event) refers to app_uart_fifo.o(i.action_tx_send) for action_tx_send
    app_uart_fifo.o(i.on_uart_event) refers to app_uart_fifo.o(i.action_uart_deactivate) for action_uart_deactivate
    app_uart_fifo.o(i.on_uart_event) refers to app_uart_fifo.o(i.action_tx_stop) for action_tx_stop
    app_uart_fifo.o(i.on_uart_event) refers to app_uart_fifo.o(.bss) for .bss
    app_uart_fifo.o(i.on_uart_event) refers to app_uart_fifo.o(.data) for .data
    pstorage.o(i.app_notify) refers to pstorage.o(.bss) for .bss
    pstorage.o(i.cmd_process) refers to pstorage.o(i.pstorage_flash_page_size) for pstorage_flash_page_size
    pstorage.o(i.cmd_process) refers to uidiv.o(.text) for __aeabi_uidivmod
    pstorage.o(i.cmd_process) refers to pstorage.o(i.swap_state_process) for swap_state_process
    pstorage.o(i.cmd_process) refers to pstorage.o(.bss) for .bss
    pstorage.o(i.cmd_process) refers to pstorage.o(.data) for .data
    pstorage.o(i.cmd_queue_dequeue) refers to pstorage.o(i.cmd_process) for cmd_process
    pstorage.o(i.cmd_queue_dequeue) refers to pstorage.o(.bss) for .bss
    pstorage.o(i.cmd_queue_element_init) refers to pstorage.o(.bss) for .bss
    pstorage.o(i.cmd_queue_enqueue) refers to pstorage.o(i.cmd_process) for cmd_process
    pstorage.o(i.cmd_queue_enqueue) refers to pstorage.o(.bss) for .bss
    pstorage.o(i.pstorage_access_status_get) refers to pstorage.o(.data) for .data
    pstorage.o(i.pstorage_access_status_get) refers to pstorage.o(.bss) for .bss
    pstorage.o(i.pstorage_block_identifier_get) refers to pstorage.o(.data) for .data
    pstorage.o(i.pstorage_block_identifier_get) refers to pstorage.o(.bss) for .bss
    pstorage.o(i.pstorage_clear) refers to pstorage.o(i.is_word_aligned) for is_word_aligned
    pstorage.o(i.pstorage_clear) refers to uidiv.o(.text) for __aeabi_uidivmod
    pstorage.o(i.pstorage_clear) refers to pstorage.o(i.cmd_queue_enqueue) for cmd_queue_enqueue
    pstorage.o(i.pstorage_clear) refers to pstorage.o(.data) for .data
    pstorage.o(i.pstorage_clear) refers to pstorage.o(.bss) for .bss
    pstorage.o(i.pstorage_flash_page_end) refers to pstorage.o(i.pstorage_flash_page_size) for pstorage_flash_page_size
    pstorage.o(i.pstorage_flash_page_end) refers to uidiv.o(.text) for __aeabi_uidivmod
    pstorage.o(i.pstorage_init) refers to pstorage.o(i.cmd_queue_element_init) for cmd_queue_element_init
    pstorage.o(i.pstorage_init) refers to pstorage.o(i.pstorage_flash_page_end) for pstorage_flash_page_end
    pstorage.o(i.pstorage_init) refers to pstorage.o(i.pstorage_flash_page_size) for pstorage_flash_page_size
    pstorage.o(i.pstorage_init) refers to uidiv.o(.text) for __aeabi_uidivmod
    pstorage.o(i.pstorage_init) refers to pstorage.o(.data) for .data
    pstorage.o(i.pstorage_init) refers to pstorage.o(.bss) for .bss
    pstorage.o(i.pstorage_load) refers to pstorage.o(i.is_word_aligned) for is_word_aligned
    pstorage.o(i.pstorage_load) refers to memcpya.o(.text) for __aeabi_memcpy
    pstorage.o(i.pstorage_load) refers to pstorage.o(.data) for .data
    pstorage.o(i.pstorage_load) refers to pstorage.o(.bss) for .bss
    pstorage.o(i.pstorage_register) refers to pstorage.o(i.pstorage_flash_page_size) for pstorage_flash_page_size
    pstorage.o(i.pstorage_register) refers to pstorage.o(i.pstorage_flash_page_end) for pstorage_flash_page_end
    pstorage.o(i.pstorage_register) refers to uidiv.o(.text) for __aeabi_uidivmod
    pstorage.o(i.pstorage_register) refers to pstorage.o(.data) for .data
    pstorage.o(i.pstorage_register) refers to pstorage.o(.bss) for .bss
    pstorage.o(i.pstorage_store) refers to pstorage.o(i.is_word_aligned) for is_word_aligned
    pstorage.o(i.pstorage_store) refers to pstorage.o(i.cmd_queue_enqueue) for cmd_queue_enqueue
    pstorage.o(i.pstorage_store) refers to pstorage.o(.data) for .data
    pstorage.o(i.pstorage_store) refers to pstorage.o(.bss) for .bss
    pstorage.o(i.pstorage_sys_event_handler) refers to pstorage.o(i.cmd_process) for cmd_process
    pstorage.o(i.pstorage_sys_event_handler) refers to pstorage.o(i.app_notify) for app_notify
    pstorage.o(i.pstorage_sys_event_handler) refers to pstorage.o(i.cmd_queue_dequeue) for cmd_queue_dequeue
    pstorage.o(i.pstorage_sys_event_handler) refers to pstorage.o(i.cmd_queue_element_init) for cmd_queue_element_init
    pstorage.o(i.pstorage_sys_event_handler) refers to pstorage.o(.bss) for .bss
    pstorage.o(i.pstorage_sys_event_handler) refers to pstorage.o(.data) for .data
    pstorage.o(i.pstorage_update) refers to pstorage.o(i.is_word_aligned) for is_word_aligned
    pstorage.o(i.pstorage_update) refers to pstorage.o(i.cmd_queue_enqueue) for cmd_queue_enqueue
    pstorage.o(i.pstorage_update) refers to pstorage.o(.data) for .data
    pstorage.o(i.pstorage_update) refers to pstorage.o(.bss) for .bss
    pstorage.o(i.swap_state_process) refers to bsp.o(i.__ARM_common_switch8) for __ARM_common_switch8
    pstorage.o(i.swap_state_process) refers to pstorage.o(i.pstorage_flash_page_size) for pstorage_flash_page_size
    pstorage.o(i.swap_state_process) refers to pstorage.o(i.pstorage_flash_page_end) for pstorage_flash_page_end
    pstorage.o(i.swap_state_process) refers to uidiv.o(.text) for __aeabi_uidivmod
    pstorage.o(i.swap_state_process) refers to pstorage.o(.data) for .data
    app_button.o(i.app_button_disable) refers to app_gpiote.o(i.app_gpiote_user_disable) for app_gpiote_user_disable
    app_button.o(i.app_button_disable) refers to app_timer.o(i.app_timer_stop) for app_timer_stop
    app_button.o(i.app_button_disable) refers to app_button.o(.data) for .data
    app_button.o(i.app_button_enable) refers to app_gpiote.o(i.app_gpiote_user_enable) for app_gpiote_user_enable
    app_button.o(i.app_button_enable) refers to app_button.o(.data) for .data
    app_button.o(i.app_button_init) refers to app_gpiote.o(i.app_gpiote_user_register) for app_gpiote_user_register
    app_button.o(i.app_button_init) refers to app_timer.o(i.app_timer_create) for app_timer_create
    app_button.o(i.app_button_init) refers to app_button.o(.data) for .data
    app_button.o(i.app_button_init) refers to app_button.o(i.gpiote_event_handler) for gpiote_event_handler
    app_button.o(i.app_button_init) refers to app_button.o(i.detection_delay_timeout_handler) for detection_delay_timeout_handler
    app_button.o(i.app_button_is_pushed) refers to app_gpiote.o(i.app_gpiote_pins_state_get) for app_gpiote_pins_state_get
    app_button.o(i.app_button_is_pushed) refers to app_button.o(.data) for .data
    app_button.o(i.detection_delay_timeout_handler) refers to app_gpiote.o(i.app_gpiote_pins_state_get) for app_gpiote_pins_state_get
    app_button.o(i.detection_delay_timeout_handler) refers to app_button.o(i.button_handler_execute) for button_handler_execute
    app_button.o(i.detection_delay_timeout_handler) refers to app_button.o(.data) for .data
    app_button.o(i.gpiote_event_handler) refers to app_timer.o(i.app_timer_stop) for app_timer_stop
    app_button.o(i.gpiote_event_handler) refers to app_timer.o(i.app_timer_start) for app_timer_start
    app_button.o(i.gpiote_event_handler) refers to app_button.o(.data) for .data
    app_gpiote.o(i.app_gpiote_init) refers to memseta.o(.text) for __aeabi_memclr4
    app_gpiote.o(i.app_gpiote_init) refers to app_gpiote.o(.data) for .data
    app_gpiote.o(i.app_gpiote_pins_state_get) refers to app_gpiote.o(.data) for .data
    app_gpiote.o(i.app_gpiote_user_disable) refers to app_gpiote.o(i.pins_sense_disable) for pins_sense_disable
    app_gpiote.o(i.app_gpiote_user_disable) refers to app_gpiote.o(.data) for .data
    app_gpiote.o(i.app_gpiote_user_enable) refers to app_gpiote.o(.data) for .data
    app_gpiote.o(i.app_gpiote_user_register) refers to app_gpiote.o(i.pins_sense_disable) for pins_sense_disable
    app_gpiote.o(i.app_gpiote_user_register) refers to app_gpiote.o(.data) for .data
    app_gpiote.o(i.pins_sense_disable) refers to app_gpiote.o(.data) for .data
    app_timer.o(i.RTC1_IRQHandler) refers to app_timer.o(i.timer_timeouts_check) for timer_timeouts_check
    app_timer.o(i.SWI0_IRQHandler) refers to app_timer.o(i.elapsed_ticks_acquire) for elapsed_ticks_acquire
    app_timer.o(i.SWI0_IRQHandler) refers to app_timer.o(i.list_deletions_handler) for list_deletions_handler
    app_timer.o(i.SWI0_IRQHandler) refers to app_timer.o(i.expired_timers_handler) for expired_timers_handler
    app_timer.o(i.SWI0_IRQHandler) refers to app_timer.o(i.list_insertions_handler) for list_insertions_handler
    app_timer.o(i.SWI0_IRQHandler) refers to app_timer.o(i.compare_reg_update) for compare_reg_update
    app_timer.o(i.SWI0_IRQHandler) refers to app_timer.o(.data) for .data
    app_timer.o(i.app_timer_create) refers to app_timer.o(.data) for .data
    app_timer.o(i.app_timer_init) refers to app_timer.o(i.rtc1_stop) for rtc1_stop
    app_timer.o(i.app_timer_init) refers to app_timer.o(i.NVIC_SetPriority) for NVIC_SetPriority
    app_timer.o(i.app_timer_init) refers to app_timer.o(.data) for .data
    app_timer.o(i.app_timer_start) refers to app_timer.o(i.user_id_get) for user_id_get
    app_timer.o(i.app_timer_start) refers to app_timer.o(i.user_op_alloc) for user_op_alloc
    app_timer.o(i.app_timer_start) refers to app_timer.o(i.timer_list_handler_sched) for timer_list_handler_sched
    app_timer.o(i.app_timer_start) refers to app_timer.o(.data) for .data
    app_timer.o(i.app_timer_stop) refers to app_timer.o(i.user_id_get) for user_id_get
    app_timer.o(i.app_timer_stop) refers to app_timer.o(i.user_op_alloc) for user_op_alloc
    app_timer.o(i.app_timer_stop) refers to app_timer.o(i.timer_list_handler_sched) for timer_list_handler_sched
    app_timer.o(i.app_timer_stop) refers to app_timer.o(.data) for .data
    app_timer.o(i.app_timer_stop_all) refers to app_timer.o(i.user_id_get) for user_id_get
    app_timer.o(i.app_timer_stop_all) refers to app_timer.o(i.user_op_alloc) for user_op_alloc
    app_timer.o(i.app_timer_stop_all) refers to app_timer.o(i.timer_list_handler_sched) for timer_list_handler_sched
    app_timer.o(i.app_timer_stop_all) refers to app_timer.o(.data) for .data
    app_timer.o(i.compare_reg_update) refers to app_timer.o(.emb_text) for __asm___11_app_timer_c_cd27f9c3__nrf_delay_us
    app_timer.o(i.compare_reg_update) refers to app_timer.o(i.rtc1_stop) for rtc1_stop
    app_timer.o(i.compare_reg_update) refers to app_timer.o(.data) for .data
    app_timer.o(i.elapsed_ticks_acquire) refers to app_timer.o(.data) for .data
    app_timer.o(i.expired_timers_handler) refers to app_timer.o(.data) for .data
    app_timer.o(i.list_deletions_handler) refers to app_timer.o(i.timer_list_remove) for timer_list_remove
    app_timer.o(i.list_deletions_handler) refers to app_timer.o(.data) for .data
    app_timer.o(i.list_insertions_handler) refers to app_timer.o(i.timer_list_insert) for timer_list_insert
    app_timer.o(i.list_insertions_handler) refers to app_timer.o(.data) for .data
    app_timer.o(i.rtc1_stop) refers to app_timer.o(.emb_text) for __asm___11_app_timer_c_cd27f9c3__nrf_delay_us
    app_timer.o(i.rtc1_stop) refers to app_timer.o(.data) for .data
    app_timer.o(i.timer_list_insert) refers to app_timer.o(.data) for .data
    app_timer.o(i.timer_list_remove) refers to app_timer.o(.data) for .data
    app_timer.o(i.timer_timeouts_check) refers to app_error.o(i.app_error_handler) for app_error_handler
    app_timer.o(i.timer_timeouts_check) refers to app_timer.o(i.timer_list_handler_sched) for timer_list_handler_sched
    app_timer.o(i.timer_timeouts_check) refers to app_timer.o(.data) for .data
    retarget.o(i.fgetc) refers to app_uart_fifo.o(i.app_uart_get) for app_uart_get
    retarget.o(i.fputc) refers to app_uart_fifo.o(i.app_uart_put) for app_uart_put
    softdevice_handler.o(i.SWI2_IRQHandler) refers to app_error.o(i.app_error_handler) for app_error_handler
    softdevice_handler.o(i.SWI2_IRQHandler) refers to softdevice_handler.o(i.intern_softdevice_events_execute) for intern_softdevice_events_execute
    softdevice_handler.o(i.SWI2_IRQHandler) refers to softdevice_handler.o(.data) for .data
    softdevice_handler.o(i.intern_softdevice_events_execute) refers to app_error.o(i.app_error_handler) for app_error_handler
    softdevice_handler.o(i.intern_softdevice_events_execute) refers to softdevice_handler.o(.data) for .data
    softdevice_handler.o(i.softdevice_ble_evt_handler_set) refers to softdevice_handler.o(.data) for .data
    softdevice_handler.o(i.softdevice_handler_init) refers to softdevice_handler.o(.data) for .data
    softdevice_handler.o(i.softdevice_handler_init) refers to softdevice_handler.o(i.softdevice_assertion_handler) for softdevice_assertion_handler
    softdevice_handler.o(i.softdevice_handler_sd_disable) refers to softdevice_handler.o(.data) for .data
    softdevice_handler.o(i.softdevice_sys_evt_handler_set) refers to softdevice_handler.o(.data) for .data
    entry.o(.ARM.Collect$$$$00000000) refers (Special) to entry10a.o(.ARM.Collect$$$$0000000D) for __rt_final_cpp
    entry.o(.ARM.Collect$$$$00000000) refers (Special) to entry11a.o(.ARM.Collect$$$$0000000F) for __rt_final_exit
    entry.o(.ARM.Collect$$$$00000000) refers (Special) to entry7b.o(.ARM.Collect$$$$00000008) for _main_clock
    entry.o(.ARM.Collect$$$$00000000) refers (Special) to entry8b.o(.ARM.Collect$$$$0000000A) for _main_cpp_init
    entry.o(.ARM.Collect$$$$00000000) refers (Special) to entry9a.o(.ARM.Collect$$$$0000000B) for _main_init
    entry.o(.ARM.Collect$$$$00000000) refers (Special) to entry5.o(.ARM.Collect$$$$00000004) for _main_scatterload
    entry.o(.ARM.Collect$$$$00000000) refers (Special) to entry2.o(.ARM.Collect$$$$00000001) for _main_stk
    dadd.o(.text) refers (Special) to iusefp.o(.text) for __I$use$fp
    dadd.o(.text) refers to llshl.o(.text) for __aeabi_llsl
    dadd.o(.text) refers to llsshr.o(.text) for __aeabi_lasr
    dadd.o(.text) refers to depilogue.o(.text) for _double_epilogue
    dmul.o(.text) refers (Special) to iusefp.o(.text) for __I$use$fp
    dmul.o(.text) refers to depilogue.o(.text) for _double_epilogue
    ddiv.o(.text) refers (Special) to iusefp.o(.text) for __I$use$fp
    ddiv.o(.text) refers to depilogue.o(.text) for _double_round
    dfltui.o(.text) refers (Special) to iusefp.o(.text) for __I$use$fp
    dfltui.o(.text) refers to depilogue.o(.text) for _double_epilogue
    dfixui.o(.text) refers (Special) to iusefp.o(.text) for __I$use$fp
    dfixui.o(.text) refers to llushr.o(.text) for __aeabi_llsr
    entry2.o(.ARM.Collect$$$$00000001) refers to entry2.o(.ARM.Collect$$$$00002712) for __lit__00000000
    entry2.o(.ARM.Collect$$$$00002712) refers to arm_startup_nrf51.o(STACK) for __initial_sp
    entry2.o(__vectab_stack_and_reset_area) refers to arm_startup_nrf51.o(STACK) for __initial_sp
    entry2.o(__vectab_stack_and_reset_area) refers to entry.o(.ARM.Collect$$$$00000000) for __main
    entry5.o(.ARM.Collect$$$$00000004) refers to init.o(.text) for __scatterload
    entry9a.o(.ARM.Collect$$$$0000000B) refers to main.o(i.main) for main
    entry9b.o(.ARM.Collect$$$$0000000C) refers to main.o(i.main) for main
    depilogue.o(.text) refers to depilogue.o(i.__ARM_clz) for __ARM_clz
    depilogue.o(.text) refers to llshl.o(.text) for __aeabi_llsl
    depilogue.o(.text) refers to llushr.o(.text) for __aeabi_llsr
    init.o(.text) refers to entry5.o(.ARM.Collect$$$$00000004) for __main_after_scatterload


==============================================================================

Removing Unused input sections from the image.

    Removing main.o(.rev16_text), (4 bytes).
    Removing main.o(.revsh_text), (4 bytes).
    Removing main.o(i.GPIOTE_cnf), (16 bytes).
    Removing bsp.o(.rev16_text), (4 bytes).
    Removing bsp.o(.revsh_text), (4 bytes).
    Removing bsp.o(i.alert_timer_handler), (24 bytes).
    Removing bsp.o(i.bsp_button_event_handler), (64 bytes).
    Removing bsp.o(i.bsp_button_is_pressed), (44 bytes).
    Removing bsp.o(i.bsp_buttons_enable), (76 bytes).
    Removing bsp.o(i.bsp_buttons_state_get), (60 bytes).
    Removing bsp.o(i.bsp_event_to_button_assign), (24 bytes).
    Removing bsp.o(i.bsp_indication_set), (28 bytes).
    Removing bsp.o(i.bsp_indication_text_set), (8 bytes).
    Removing bsp.o(i.bsp_init), (140 bytes).
    Removing bsp.o(i.bsp_led_indication), (496 bytes).
    Removing bsp.o(i.leds_timer_handler), (24 bytes).
    Removing bsp.o(.constdata), (48 bytes).
    Removing bsp.o(.data), (28 bytes).
    Removing arm_startup_nrf51.o(HEAP), (2048 bytes).
    Removing system_nrf51.o(.rev16_text), (4 bytes).
    Removing system_nrf51.o(.revsh_text), (4 bytes).
    Removing system_nrf51.o(i.SystemCoreClockUpdate), (16 bytes).
    Removing ble_srv_common.o(i.ble_srv_ascii_to_utf8), (18 bytes).
    Removing ble_srv_common.o(i.ble_srv_report_ref_encode), (12 bytes).
    Removing device_manager_peripheral.o(.rev16_text), (4 bytes).
    Removing device_manager_peripheral.o(.revsh_text), (4 bytes).
    Removing device_manager_peripheral.o(i.app_evt_notify), (12 bytes).
    Removing device_manager_peripheral.o(i.bond_data_load), (72 bytes).
    Removing device_manager_peripheral.o(i.connection_instance_find), (48 bytes).
    Removing device_manager_peripheral.o(i.connection_instance_init), (36 bytes).
    Removing device_manager_peripheral.o(i.device_context_store), (176 bytes).
    Removing device_manager_peripheral.o(i.device_instance_allocate), (84 bytes).
    Removing device_manager_peripheral.o(i.device_instance_find), (72 bytes).
    Removing device_manager_peripheral.o(i.device_instance_free), (44 bytes).
    Removing device_manager_peripheral.o(i.dm_application_context_delete), (8 bytes).
    Removing device_manager_peripheral.o(i.dm_application_context_get), (8 bytes).
    Removing device_manager_peripheral.o(i.dm_application_context_set), (8 bytes).
    Removing device_manager_peripheral.o(i.dm_application_instance_set), (64 bytes).
    Removing device_manager_peripheral.o(i.dm_ble_evt_handler), (984 bytes).
    Removing device_manager_peripheral.o(i.dm_device_add), (8 bytes).
    Removing device_manager_peripheral.o(i.dm_device_delete), (92 bytes).
    Removing device_manager_peripheral.o(i.dm_device_delete_all), (92 bytes).
    Removing device_manager_peripheral.o(i.dm_distributed_keys_get), (176 bytes).
    Removing device_manager_peripheral.o(i.dm_handle_get), (72 bytes).
    Removing device_manager_peripheral.o(i.dm_handle_initialize), (28 bytes).
    Removing device_manager_peripheral.o(i.dm_init), (196 bytes).
    Removing device_manager_peripheral.o(i.dm_peer_addr_get), (128 bytes).
    Removing device_manager_peripheral.o(i.dm_peer_addr_set), (136 bytes).
    Removing device_manager_peripheral.o(i.dm_pstorage_cb_handler), (356 bytes).
    Removing device_manager_peripheral.o(i.dm_register), (116 bytes).
    Removing device_manager_peripheral.o(i.dm_security_setup_req), (92 bytes).
    Removing device_manager_peripheral.o(i.dm_security_status_req), (112 bytes).
    Removing device_manager_peripheral.o(i.dm_service_context_delete), (88 bytes).
    Removing device_manager_peripheral.o(i.dm_service_context_get), (188 bytes).
    Removing device_manager_peripheral.o(i.dm_service_context_set), (164 bytes).
    Removing device_manager_peripheral.o(i.dm_whitelist_create), (180 bytes).
    Removing device_manager_peripheral.o(i.gattc_context_apply), (4 bytes).
    Removing device_manager_peripheral.o(i.gattc_context_load), (4 bytes).
    Removing device_manager_peripheral.o(i.gattc_context_store), (4 bytes).
    Removing device_manager_peripheral.o(i.gatts_context_apply), (176 bytes).
    Removing device_manager_peripheral.o(i.gatts_context_load), (48 bytes).
    Removing device_manager_peripheral.o(i.gatts_context_store), (172 bytes).
    Removing device_manager_peripheral.o(i.gattsc_context_apply), (8 bytes).
    Removing device_manager_peripheral.o(i.gattsc_context_load), (8 bytes).
    Removing device_manager_peripheral.o(i.gattsc_context_store), (8 bytes).
    Removing device_manager_peripheral.o(i.no_service_context_apply), (4 bytes).
    Removing device_manager_peripheral.o(i.no_service_context_load), (4 bytes).
    Removing device_manager_peripheral.o(i.no_service_context_store), (4 bytes).
    Removing device_manager_peripheral.o(i.peer_instance_init), (56 bytes).
    Removing device_manager_peripheral.o(i.storage_operation_dummy_handler), (4 bytes).
    Removing device_manager_peripheral.o(i.update_status_bit_reset), (20 bytes).
    Removing device_manager_peripheral.o(.bss), (295 bytes).
    Removing device_manager_peripheral.o(.constdata), (48 bytes).
    Removing device_manager_peripheral.o(.constdata), (4 bytes).
    Removing device_manager_peripheral.o(.data), (24 bytes).
    Removing ble_conn_params.o(i.ble_conn_params_change_conn_params), (80 bytes).
    Removing ble_conn_params.o(i.ble_conn_params_init), (84 bytes).
    Removing ble_conn_params.o(i.ble_conn_params_on_ble_evt), (144 bytes).
    Removing ble_conn_params.o(i.ble_conn_params_stop), (16 bytes).
    Removing ble_conn_params.o(i.conn_params_negotiation), (100 bytes).
    Removing ble_conn_params.o(i.is_conn_params_ok), (28 bytes).
    Removing ble_conn_params.o(i.update_timeout_handler), (100 bytes).
    Removing ble_conn_params.o(.bss), (28 bytes).
    Removing ble_conn_params.o(.data), (24 bytes).
    Removing ble_radio_notification.o(.rev16_text), (4 bytes).
    Removing ble_radio_notification.o(.revsh_text), (4 bytes).
    Removing nrf_drv_common.o(.rev16_text), (4 bytes).
    Removing nrf_drv_common.o(.revsh_text), (4 bytes).
    Removing nrf_drv_common.o(i.nrf_drv_common_irq_enable), (96 bytes).
    Removing nrf_delay.o(.rev16_text), (4 bytes).
    Removing nrf_delay.o(.revsh_text), (4 bytes).
    Removing nrf_delay.o(.emb_text), (30 bytes).
    Removing nrf_delay.o(i.nrf_delay_ms), (28 bytes).
    Removing nrf_drv_ppi.o(.rev16_text), (4 bytes).
    Removing nrf_drv_ppi.o(.revsh_text), (4 bytes).
    Removing nrf_drv_ppi.o(i.current_int_priority_get), (68 bytes).
    Removing nrf_drv_ppi.o(i.is_allocated_channel), (24 bytes).
    Removing nrf_drv_ppi.o(i.is_allocated_group), (24 bytes).
    Removing nrf_drv_ppi.o(i.is_app_channel), (12 bytes).
    Removing nrf_drv_ppi.o(i.is_app_group), (12 bytes).
    Removing nrf_drv_ppi.o(i.is_programmable_app_channel), (12 bytes).
    Removing nrf_drv_ppi.o(i.nrf_drv_ppi_channel_alloc), (144 bytes).
    Removing nrf_drv_ppi.o(i.nrf_drv_ppi_channel_assign), (64 bytes).
    Removing nrf_drv_ppi.o(i.nrf_drv_ppi_channel_disable), (56 bytes).
    Removing nrf_drv_ppi.o(i.nrf_drv_ppi_channel_enable), (56 bytes).
    Removing nrf_drv_ppi.o(i.nrf_drv_ppi_channel_free), (112 bytes).
    Removing nrf_drv_ppi.o(i.nrf_drv_ppi_channel_include_in_group), (136 bytes).
    Removing nrf_drv_ppi.o(i.nrf_drv_ppi_channel_remove_from_group), (136 bytes).
    Removing nrf_drv_ppi.o(i.nrf_drv_ppi_group_alloc), (140 bytes).
    Removing nrf_drv_ppi.o(i.nrf_drv_ppi_group_disable), (36 bytes).
    Removing nrf_drv_ppi.o(i.nrf_drv_ppi_group_enable), (48 bytes).
    Removing nrf_drv_ppi.o(i.nrf_drv_ppi_group_free), (132 bytes).
    Removing nrf_drv_ppi.o(i.nrf_drv_ppi_init), (24 bytes).
    Removing nrf_drv_ppi.o(i.nrf_drv_ppi_task_addr_get), (16 bytes).
    Removing nrf_drv_ppi.o(i.nrf_drv_ppi_uninit), (88 bytes).
    Removing nrf_drv_ppi.o(.data), (8 bytes).
    Removing app_uart_fifo.o(.rev16_text), (4 bytes).
    Removing app_uart_fifo.o(.revsh_text), (4 bytes).
    Removing app_uart_fifo.o(i.app_uart_close), (48 bytes).
    Removing app_uart_fifo.o(i.app_uart_flush), (28 bytes).
    Removing app_uart_fifo.o(i.app_uart_get), (16 bytes).
    Removing app_uart_fifo.o(i.app_uart_get_connection_state), (20 bytes).
    Removing app_uart_fifo.o(i.app_uart_init), (468 bytes).
    Removing app_uart_fifo.o(i.app_uart_put), (28 bytes).
    Removing app_uart_fifo.o(i.gpiote_uart_event_handler), (64 bytes).
    Removing pstorage.o(.rev16_text), (4 bytes).
    Removing pstorage.o(.revsh_text), (4 bytes).
    Removing pstorage.o(i.app_notify), (36 bytes).
    Removing pstorage.o(i.cmd_process), (248 bytes).
    Removing pstorage.o(i.cmd_queue_dequeue), (40 bytes).
    Removing pstorage.o(i.cmd_queue_element_init), (32 bytes).
    Removing pstorage.o(i.cmd_queue_enqueue), (84 bytes).
    Removing pstorage.o(i.is_word_aligned), (12 bytes).
    Removing pstorage.o(i.pstorage_access_status_get), (40 bytes).
    Removing pstorage.o(i.pstorage_block_identifier_get), (84 bytes).
    Removing pstorage.o(i.pstorage_clear), (124 bytes).
    Removing pstorage.o(i.pstorage_flash_page_end), (36 bytes).
    Removing pstorage.o(i.pstorage_flash_page_size), (10 bytes).
    Removing pstorage.o(i.pstorage_init), (112 bytes).
    Removing pstorage.o(i.pstorage_load), (164 bytes).
    Removing pstorage.o(i.pstorage_register), (232 bytes).
    Removing pstorage.o(i.pstorage_store), (144 bytes).
    Removing pstorage.o(i.pstorage_sys_event_handler), (296 bytes).
    Removing pstorage.o(i.pstorage_update), (144 bytes).
    Removing pstorage.o(i.swap_state_process), (300 bytes).
    Removing pstorage.o(.bss), (220 bytes).
    Removing pstorage.o(.data), (12 bytes).
    Removing app_button.o(.rev16_text), (4 bytes).
    Removing app_button.o(.revsh_text), (4 bytes).
    Removing app_button.o(i.app_button_disable), (36 bytes).
    Removing app_button.o(i.app_button_enable), (28 bytes).
    Removing app_button.o(i.app_button_init), (108 bytes).
    Removing app_button.o(i.app_button_is_pushed), (92 bytes).
    Removing app_button.o(i.button_handler_execute), (28 bytes).
    Removing app_button.o(i.detection_delay_timeout_handler), (104 bytes).
    Removing app_button.o(i.gpiote_event_handler), (44 bytes).
    Removing app_button.o(.data), (24 bytes).
    Removing app_error.o(.rev16_text), (4 bytes).
    Removing app_error.o(.revsh_text), (4 bytes).
    Removing app_fifo.o(i.app_fifo_flush), (8 bytes).
    Removing app_fifo.o(i.app_fifo_init), (36 bytes).
    Removing app_gpiote.o(.rev16_text), (4 bytes).
    Removing app_gpiote.o(.revsh_text), (4 bytes).
    Removing app_gpiote.o(i.app_gpiote_init), (100 bytes).
    Removing app_gpiote.o(i.app_gpiote_pins_state_get), (52 bytes).
    Removing app_gpiote.o(i.app_gpiote_user_disable), (64 bytes).
    Removing app_gpiote.o(i.app_gpiote_user_enable), (148 bytes).
    Removing app_gpiote.o(i.app_gpiote_user_register), (76 bytes).
    Removing app_gpiote.o(i.pins_sense_disable), (60 bytes).
    Removing app_gpiote.o(.data), (12 bytes).
    Removing app_timer.o(.rev16_text), (4 bytes).
    Removing app_timer.o(.revsh_text), (4 bytes).
    Removing app_timer.o(i.app_timer_cnt_diff_compute), (12 bytes).
    Removing app_timer.o(i.app_timer_cnt_get), (16 bytes).
    Removing app_timer.o(i.app_timer_stop_all), (68 bytes).
    Removing retarget.o(.rev16_text), (4 bytes).
    Removing retarget.o(.revsh_text), (4 bytes).
    Removing retarget.o(i.fgetc), (18 bytes).
    Removing retarget.o(i.fputc), (14 bytes).
    Removing retarget.o(.data), (4 bytes).
    Removing retarget.o(.data), (4 bytes).
    Removing softdevice_handler.o(.rev16_text), (4 bytes).
    Removing softdevice_handler.o(.revsh_text), (4 bytes).
    Removing softdevice_handler.o(i.softdevice_ble_evt_handler_set), (20 bytes).
    Removing softdevice_handler.o(i.softdevice_handler_sd_disable), (24 bytes).
    Removing softdevice_handler.o(i.softdevice_sys_evt_handler_set), (20 bytes).

186 unused section(s) (total 14405 bytes) removed from the image.

==============================================================================

Image Symbol Table

    Local Symbols

    Symbol Name                              Value     Ov Type        Size  Object(Section)

    ../clib/microlib/division.c              0x00000000   Number         0  uidiv.o ABSOLUTE
    ../clib/microlib/init/entry.s            0x00000000   Number         0  entry9b.o ABSOLUTE
    ../clib/microlib/init/entry.s            0x00000000   Number         0  entry11b.o ABSOLUTE
    ../clib/microlib/init/entry.s            0x00000000   Number         0  entry2.o ABSOLUTE
    ../clib/microlib/init/entry.s            0x00000000   Number         0  entry5.o ABSOLUTE
    ../clib/microlib/init/entry.s            0x00000000   Number         0  entry7a.o ABSOLUTE
    ../clib/microlib/init/entry.s            0x00000000   Number         0  entry7b.o ABSOLUTE
    ../clib/microlib/init/entry.s            0x00000000   Number         0  entry8b.o ABSOLUTE
    ../clib/microlib/init/entry.s            0x00000000   Number         0  entry10a.o ABSOLUTE
    ../clib/microlib/init/entry.s            0x00000000   Number         0  entry8a.o ABSOLUTE
    ../clib/microlib/init/entry.s            0x00000000   Number         0  entry9a.o ABSOLUTE
    ../clib/microlib/init/entry.s            0x00000000   Number         0  entry10b.o ABSOLUTE
    ../clib/microlib/init/entry.s            0x00000000   Number         0  entry.o ABSOLUTE
    ../clib/microlib/init/entry.s            0x00000000   Number         0  entry11a.o ABSOLUTE
    ../clib/microlib/longlong.c              0x00000000   Number         0  llshl.o ABSOLUTE
    ../clib/microlib/longlong.c              0x00000000   Number         0  llushr.o ABSOLUTE
    ../clib/microlib/longlong.c              0x00000000   Number         0  llsshr.o ABSOLUTE
    ../clib/microlib/string/memcmp.c         0x00000000   Number         0  memcmp.o ABSOLUTE
    ../clib/microlib/string/memcpy.c         0x00000000   Number         0  memcpyb.o ABSOLUTE
    ../clib/microlib/string/memcpy.c         0x00000000   Number         0  memcpya.o ABSOLUTE
    ../clib/microlib/string/memset.c         0x00000000   Number         0  memseta.o ABSOLUTE
    ../clib/microlib/string/strlen.c         0x00000000   Number         0  strlen.o ABSOLUTE
    ../clib/microlib/stubs.s                 0x00000000   Number         0  iusefp.o ABSOLUTE
    ../fplib/microlib/fpadd.c                0x00000000   Number         0  dadd.o ABSOLUTE
    ../fplib/microlib/fpdiv.c                0x00000000   Number         0  ddiv.o ABSOLUTE
    ../fplib/microlib/fpepilogue.c           0x00000000   Number         0  depilogue.o ABSOLUTE
    ../fplib/microlib/fpfix.c                0x00000000   Number         0  dfixui.o ABSOLUTE
    ../fplib/microlib/fpflt.c                0x00000000   Number         0  dfltui.o ABSOLUTE
    ../fplib/microlib/fpmul.c                0x00000000   Number         0  dmul.o ABSOLUTE
    ..\..\..\main.c                          0x00000000   Number         0  main.o ABSOLUTE
    ..\\..\\..\\main.c                       0x00000000   Number         0  main.o ABSOLUTE
    C:\Keil_v5\ARM\PACK\NordicSemiconductor\nRF_BLE\2.0.0\common\ble_srv_common.c 0x00000000   Number         0  ble_srv_common.o ABSOLUTE
    C:\Keil_v5\ARM\PACK\NordicSemiconductor\nRF_BLE\2.0.0\device_manager\device_manager_peripheral.c 0x00000000   Number         0  device_manager_peripheral.o ABSOLUTE
    C:\Keil_v5\ARM\PACK\NordicSemiconductor\nRF_Drivers\2.0.0\common\nrf_drv_common.c 0x00000000   Number         0  nrf_drv_common.o ABSOLUTE
    C:\Keil_v5\ARM\PACK\NordicSemiconductor\nRF_Drivers\2.0.0\hal\nrf_delay.c 0x00000000   Number         0  nrf_delay.o ABSOLUTE
    C:\Keil_v5\ARM\PACK\NordicSemiconductor\nRF_Drivers\2.0.0\ppi\nrf_drv_ppi.c 0x00000000   Number         0  nrf_drv_ppi.o ABSOLUTE
    C:\\Keil_v5\\ARM\\PACK\\NordicSemiconductor\\nRF_BLE\\2.0.0\\device_manager\\device_manager_peripheral.c 0x00000000   Number         0  device_manager_peripheral.o ABSOLUTE
    C:\\Keil_v5\\ARM\\PACK\\NordicSemiconductor\\nRF_Drivers\\2.0.0\\common\\nrf_drv_common.c 0x00000000   Number         0  nrf_drv_common.o ABSOLUTE
    C:\\Keil_v5\\ARM\\PACK\\NordicSemiconductor\\nRF_Drivers\\2.0.0\\hal\\nrf_delay.c 0x00000000   Number         0  nrf_delay.o ABSOLUTE
    C:\\Keil_v5\\ARM\\PACK\\NordicSemiconductor\\nRF_Drivers\\2.0.0\\ppi\\nrf_drv_ppi.c 0x00000000   Number         0  nrf_drv_ppi.o ABSOLUTE
    RTE\Board_Support\nRF51422_xxAC\bsp.c    0x00000000   Number         0  bsp.o ABSOLUTE
    RTE\Device\nRF51422_xxAC\arm_startup_nrf51.s 0x00000000   Number         0  arm_startup_nrf51.o ABSOLUTE
    RTE\Device\nRF51422_xxAC\system_nrf51.c  0x00000000   Number         0  system_nrf51.o ABSOLUTE
    RTE\\Board_Support\\nRF51422_xxAC\\bsp.c 0x00000000   Number         0  bsp.o ABSOLUTE
    RTE\\Device\\nRF51422_xxAC\\system_nrf51.c 0x00000000   Number         0  system_nrf51.o ABSOLUTE
    RTE\\nRF_BLE\\nRF51422_xxAC\\ble_radio_notification.c 0x00000000   Number         0  ble_radio_notification.o ABSOLUTE
    RTE\\nRF_Drivers\\nRF51422_xxAC\\app_uart_fifo.c 0x00000000   Number         0  app_uart_fifo.o ABSOLUTE
    RTE\\nRF_Drivers\\nRF51422_xxAC\\pstorage.c 0x00000000   Number         0  pstorage.o ABSOLUTE
    RTE\\nRF_Libraries\\nRF51422_xxAC\\app_button.c 0x00000000   Number         0  app_button.o ABSOLUTE
    RTE\\nRF_Libraries\\nRF51422_xxAC\\app_error.c 0x00000000   Number         0  app_error.o ABSOLUTE
    RTE\\nRF_Libraries\\nRF51422_xxAC\\app_gpiote.c 0x00000000   Number         0  app_gpiote.o ABSOLUTE
    RTE\\nRF_Libraries\\nRF51422_xxAC\\app_timer.c 0x00000000   Number         0  app_timer.o ABSOLUTE
    RTE\\nRF_Libraries\\nRF51422_xxAC\\retarget.c 0x00000000   Number         0  retarget.o ABSOLUTE
    RTE\\nRF_SoftDevice\\nRF51422_xxAC\\softdevice_handler.c 0x00000000   Number         0  softdevice_handler.o ABSOLUTE
    RTE\nRF_BLE\nRF51422_xxAC\ble_advdata.c  0x00000000   Number         0  ble_advdata.o ABSOLUTE
    RTE\nRF_BLE\nRF51422_xxAC\ble_conn_params.c 0x00000000   Number         0  ble_conn_params.o ABSOLUTE
    RTE\nRF_BLE\nRF51422_xxAC\ble_radio_notification.c 0x00000000   Number         0  ble_radio_notification.o ABSOLUTE
    RTE\nRF_Drivers\nRF51422_xxAC\app_uart_fifo.c 0x00000000   Number         0  app_uart_fifo.o ABSOLUTE
    RTE\nRF_Drivers\nRF51422_xxAC\pstorage.c 0x00000000   Number         0  pstorage.o ABSOLUTE
    RTE\nRF_Libraries\nRF51422_xxAC\app_button.c 0x00000000   Number         0  app_button.o ABSOLUTE
    RTE\nRF_Libraries\nRF51422_xxAC\app_error.c 0x00000000   Number         0  app_error.o ABSOLUTE
    RTE\nRF_Libraries\nRF51422_xxAC\app_fifo.c 0x00000000   Number         0  app_fifo.o ABSOLUTE
    RTE\nRF_Libraries\nRF51422_xxAC\app_gpiote.c 0x00000000   Number         0  app_gpiote.o ABSOLUTE
    RTE\nRF_Libraries\nRF51422_xxAC\app_timer.c 0x00000000   Number         0  app_timer.o ABSOLUTE
    RTE\nRF_Libraries\nRF51422_xxAC\app_trace.c 0x00000000   Number         0  app_trace.o ABSOLUTE
    RTE\nRF_Libraries\nRF51422_xxAC\nrf_assert.c 0x00000000   Number         0  nrf_assert.o ABSOLUTE
    RTE\nRF_Libraries\nRF51422_xxAC\retarget.c 0x00000000   Number         0  retarget.o ABSOLUTE
    RTE\nRF_SoftDevice\nRF51422_xxAC\softdevice_handler.c 0x00000000   Number         0  softdevice_handler.o ABSOLUTE
    dc.s                                     0x00000000   Number         0  dc.o ABSOLUTE
    handlers.s                               0x00000000   Number         0  handlers.o ABSOLUTE
    init.s                                   0x00000000   Number         0  init.o ABSOLUTE
    RESET                                    0x00018000   Section      192  arm_startup_nrf51.o(RESET)
    .ARM.Collect$$$$00000000                 0x000180c0   Section        0  entry.o(.ARM.Collect$$$$00000000)
    .ARM.Collect$$$$00000001                 0x000180c0   Section        4  entry2.o(.ARM.Collect$$$$00000001)
    .ARM.Collect$$$$00000004                 0x000180c4   Section        4  entry5.o(.ARM.Collect$$$$00000004)
    .ARM.Collect$$$$00000008                 0x000180c8   Section        0  entry7b.o(.ARM.Collect$$$$00000008)
    .ARM.Collect$$$$0000000A                 0x000180c8   Section        0  entry8b.o(.ARM.Collect$$$$0000000A)
    .ARM.Collect$$$$0000000B                 0x000180c8   Section        8  entry9a.o(.ARM.Collect$$$$0000000B)
    .ARM.Collect$$$$0000000D                 0x000180d0   Section        0  entry10a.o(.ARM.Collect$$$$0000000D)
    .ARM.Collect$$$$0000000F                 0x000180d0   Section        0  entry11a.o(.ARM.Collect$$$$0000000F)
    .ARM.Collect$$$$00002712                 0x000180d0   Section        4  entry2.o(.ARM.Collect$$$$00002712)
    __lit__00000000                          0x000180d0   Data           4  entry2.o(.ARM.Collect$$$$00002712)
    .emb_text                                0x000180d4   Section       30  app_timer.o(.emb_text)
    .text                                    0x000180f4   Section       56  arm_startup_nrf51.o(.text)
    .text                                    0x0001812c   Section        0  memcpya.o(.text)
    .text                                    0x00018150   Section        0  memseta.o(.text)
    .text                                    0x00018174   Section        0  dadd.o(.text)
    .text                                    0x000182d8   Section        0  dmul.o(.text)
    .text                                    0x000183a8   Section        0  ddiv.o(.text)
    .text                                    0x00018498   Section        0  dfltui.o(.text)
    .text                                    0x000184b4   Section        0  dfixui.o(.text)
    .text                                    0x000184f0   Section        0  llshl.o(.text)
    .text                                    0x00018510   Section        0  llushr.o(.text)
    .text                                    0x00018532   Section        0  llsshr.o(.text)
    .text                                    0x00018558   Section        0  depilogue.o(.text)
    .text                                    0x00018558   Section        0  iusefp.o(.text)
    .text                                    0x00018618   Section       36  init.o(.text)
    i.NVIC_SetPriority                       0x0001863c   Section        0  app_timer.o(i.NVIC_SetPriority)
    NVIC_SetPriority                         0x0001863d   Thumb Code    60  app_timer.o(i.NVIC_SetPriority)
    i.RTC1_IRQHandler                        0x00018680   Section        0  app_timer.o(i.RTC1_IRQHandler)
    i.SWI0_IRQHandler                        0x000186a0   Section        0  app_timer.o(i.SWI0_IRQHandler)
    i.SWI1_IRQHandler                        0x000186f4   Section        0  ble_radio_notification.o(i.SWI1_IRQHandler)
    i.SWI2_IRQHandler                        0x0001870c   Section        0  softdevice_handler.o(i.SWI2_IRQHandler)
    i.SystemInit                             0x00018730   Section        0  system_nrf51.o(i.SystemInit)
    i.UART0_IRQHandler                       0x00018784   Section        0  app_uart_fifo.o(i.UART0_IRQHandler)
    i.__ARM_clz                              0x00018804   Section        0  depilogue.o(i.__ARM_clz)
    i.__ARM_common_switch8                   0x00018832   Section        0  bsp.o(i.__ARM_common_switch8)
    i.__scatterload_copy                     0x0001884c   Section       14  handlers.o(i.__scatterload_copy)
    i.__scatterload_null                     0x0001885a   Section        2  handlers.o(i.__scatterload_null)
    i.__scatterload_zeroinit                 0x0001885c   Section       14  handlers.o(i.__scatterload_zeroinit)
    i.action_tx_send                         0x0001886c   Section        0  app_uart_fifo.o(i.action_tx_send)
    action_tx_send                           0x0001886d   Thumb Code    56  app_uart_fifo.o(i.action_tx_send)
    i.action_tx_stop                         0x000188b8   Section        0  app_uart_fifo.o(i.action_tx_stop)
    i.action_uart_deactivate                 0x000188dc   Section        0  app_uart_fifo.o(i.action_uart_deactivate)
    action_uart_deactivate                   0x000188dd   Thumb Code    20  app_uart_fifo.o(i.action_uart_deactivate)
    i.adv_data_encode                        0x000188fc   Section        0  ble_advdata.o(i.adv_data_encode)
    adv_data_encode                          0x000188fd   Thumb Code   330  ble_advdata.o(i.adv_data_encode)
    i.advertising_init                       0x00018a48   Section        0  main.o(i.advertising_init)
    advertising_init                         0x00018a49   Thumb Code   104  main.o(i.advertising_init)
    i.app_error_handler                      0x00018ab8   Section        0  app_error.o(i.app_error_handler)
    i.app_fifo_get                           0x00018ad0   Section        0  app_fifo.o(i.app_fifo_get)
    i.app_fifo_put                           0x00018af2   Section        0  app_fifo.o(i.app_fifo_put)
    i.app_timer_create                       0x00018b14   Section        0  app_timer.o(i.app_timer_create)
    i.app_timer_init                         0x00018b60   Section        0  app_timer.o(i.app_timer_init)
    i.app_timer_start                        0x00018c14   Section        0  app_timer.o(i.app_timer_start)
    i.app_timer_stop                         0x00018c98   Section        0  app_timer.o(i.app_timer_stop)
    i.ble_advdata_set                        0x00018cf0   Section        0  ble_advdata.o(i.ble_advdata_set)
    i.ble_radio_notification_init            0x00018d4c   Section        0  ble_radio_notification.o(i.ble_radio_notification_init)
    i.compare_reg_update                     0x00018d7c   Section        0  app_timer.o(i.compare_reg_update)
    compare_reg_update                       0x00018d7d   Thumb Code   140  app_timer.o(i.compare_reg_update)
    i.conn_int_encode                        0x00018e20   Section        0  ble_advdata.o(i.conn_int_encode)
    conn_int_encode                          0x00018e21   Thumb Code   126  ble_advdata.o(i.conn_int_encode)
    i.elapsed_ticks_acquire                  0x00018ea4   Section        0  app_timer.o(i.elapsed_ticks_acquire)
    elapsed_ticks_acquire                    0x00018ea5   Thumb Code    58  app_timer.o(i.elapsed_ticks_acquire)
    i.expired_timers_handler                 0x00018ee4   Section        0  app_timer.o(i.expired_timers_handler)
    expired_timers_handler                   0x00018ee5   Thumb Code    82  app_timer.o(i.expired_timers_handler)
    i.freq_meas_timeout_handler              0x00018f3c   Section        0  main.o(i.freq_meas_timeout_handler)
    freq_meas_timeout_handler                0x00018f3d   Thumb Code    84  main.o(i.freq_meas_timeout_handler)
    i.gpio_cnf                               0x00018fb8   Section        0  main.o(i.gpio_cnf)
    i.intern_softdevice_events_execute       0x00018fe4   Section        0  softdevice_handler.o(i.intern_softdevice_events_execute)
    i.is_manual_peripheral_setup_needed      0x00019064   Section        0  system_nrf51.o(i.is_manual_peripheral_setup_needed)
    is_manual_peripheral_setup_needed        0x00019065   Thumb Code    66  system_nrf51.o(i.is_manual_peripheral_setup_needed)
    i.list_deletions_handler                 0x000190ac   Section        0  app_timer.o(i.list_deletions_handler)
    list_deletions_handler                   0x000190ad   Thumb Code   144  app_timer.o(i.list_deletions_handler)
    i.list_insertions_handler                0x00019140   Section        0  app_timer.o(i.list_insertions_handler)
    list_insertions_handler                  0x00019141   Thumb Code   230  app_timer.o(i.list_insertions_handler)
    i.main                                   0x00019230   Section        0  main.o(i.main)
    i.manuf_specific_data_encode             0x000192bc   Section        0  ble_advdata.o(i.manuf_specific_data_encode)
    manuf_specific_data_encode               0x000192bd   Thumb Code   100  ble_advdata.o(i.manuf_specific_data_encode)
    i.measure_time_cnf                       0x00019320   Section        0  main.o(i.measure_time_cnf)
    i.name_encode                            0x00019338   Section        0  ble_advdata.o(i.name_encode)
    name_encode                              0x00019339   Thumb Code   106  ble_advdata.o(i.name_encode)
    i.nrf_gpio_pin_dir_set                   0x000193a4   Section        0  main.o(i.nrf_gpio_pin_dir_set)
    nrf_gpio_pin_dir_set                     0x000193a5   Thumb Code    26  main.o(i.nrf_gpio_pin_dir_set)
    i.nrf_gpio_pin_set                       0x000193c8   Section        0  main.o(i.nrf_gpio_pin_set)
    nrf_gpio_pin_set                         0x000193c9   Thumb Code    10  main.o(i.nrf_gpio_pin_set)
    i.on_uart_event                          0x000193d8   Section        0  app_uart_fifo.o(i.on_uart_event)
    on_uart_event                            0x000193d9   Thumb Code   118  app_uart_fifo.o(i.on_uart_event)
    i.ppi_cnf                                0x00019460   Section        0  main.o(i.ppi_cnf)
    i.radio_notif_handler_evt                0x00019480   Section        0  main.o(i.radio_notif_handler_evt)
    i.rtc1_stop                              0x00019518   Section        0  app_timer.o(i.rtc1_stop)
    rtc1_stop                                0x00019519   Thumb Code    50  app_timer.o(i.rtc1_stop)
    i.service_data_encode                    0x0001955c   Section        0  ble_advdata.o(i.service_data_encode)
    service_data_encode                      0x0001955d   Thumb Code   124  ble_advdata.o(i.service_data_encode)
    i.softdevice_assertion_handler           0x000195d8   Section        0  softdevice_handler.o(i.softdevice_assertion_handler)
    i.softdevice_handler_init                0x000195e4   Section        0  softdevice_handler.o(i.softdevice_handler_init)
    i.timer2_cnf                             0x00019614   Section        0  main.o(i.timer2_cnf)
    i.timer_list_handler_sched               0x00019624   Section        0  app_timer.o(i.timer_list_handler_sched)
    timer_list_handler_sched                 0x00019625   Thumb Code    10  app_timer.o(i.timer_list_handler_sched)
    i.timer_list_insert                      0x00019634   Section        0  app_timer.o(i.timer_list_insert)
    timer_list_insert                        0x00019635   Thumb Code    94  app_timer.o(i.timer_list_insert)
    i.timer_list_remove                      0x00019698   Section        0  app_timer.o(i.timer_list_remove)
    timer_list_remove                        0x00019699   Thumb Code   104  app_timer.o(i.timer_list_remove)
    i.timer_timeouts_check                   0x00019708   Section        0  app_timer.o(i.timer_timeouts_check)
    timer_timeouts_check                     0x00019709   Thumb Code   120  app_timer.o(i.timer_timeouts_check)
    i.uint16_encode                          0x00019788   Section        0  ble_advdata.o(i.uint16_encode)
    uint16_encode                            0x00019789   Thumb Code    10  ble_advdata.o(i.uint16_encode)
    i.user_id_get                            0x00019794   Section        0  app_timer.o(i.user_id_get)
    user_id_get                              0x00019795   Thumb Code    74  app_timer.o(i.user_id_get)
    i.user_op_alloc                          0x000197e8   Section        0  app_timer.o(i.user_op_alloc)
    user_op_alloc                            0x000197e9   Thumb Code    36  app_timer.o(i.user_op_alloc)
    i.uuid_list_encode                       0x0001980c   Section        0  ble_advdata.o(i.uuid_list_encode)
    uuid_list_encode                         0x0001980d   Thumb Code    38  ble_advdata.o(i.uuid_list_encode)
    i.uuid_list_sized_encode                 0x00019832   Section        0  ble_advdata.o(i.uuid_list_sized_encode)
    uuid_list_sized_encode                   0x00019833   Thumb Code   162  ble_advdata.o(i.uuid_list_sized_encode)
    .data                                    0x20002000   Section       24  main.o(.data)
    m_freq_meas_timer_id                     0x2000200c   Data           4  main.o(.data)
    .data                                    0x20002018   Section        4  system_nrf51.o(.data)
    __tagsym$$used                           0x20002018   Number         0  system_nrf51.o(.data)
    .data                                    0x2000201c   Section        8  ble_radio_notification.o(.data)
    m_radio_active                           0x2000201c   Data           1  ble_radio_notification.o(.data)
    m_evt_handler                            0x20002020   Data           4  ble_radio_notification.o(.data)
    .data                                    0x20002024   Section       12  app_uart_fifo.o(.data)
    m_instance_counter                       0x20002024   Data           1  app_uart_fifo.o(.data)
    m_current_state                          0x20002025   Data           1  app_uart_fifo.o(.data)
    m_gpiote_uid                             0x20002026   Data           1  app_uart_fifo.o(.data)
    m_pin_cts_mask                           0x20002028   Data           4  app_uart_fifo.o(.data)
    m_event_handler                          0x2000202c   Data           4  app_uart_fifo.o(.data)
    .data                                    0x20002030   Section       36  app_timer.o(.data)
    m_node_array_size                        0x20002030   Data           1  app_timer.o(.data)
    m_user_array_size                        0x20002031   Data           1  app_timer.o(.data)
    m_ticks_elapsed_q_read_ind               0x20002032   Data           1  app_timer.o(.data)
    m_ticks_elapsed_q_write_ind              0x20002033   Data           1  app_timer.o(.data)
    m_rtc1_running                           0x20002034   Data           1  app_timer.o(.data)
    m_rtc1_reset                             0x20002035   Data           1  app_timer.o(.data)
    mp_nodes                                 0x20002038   Data           4  app_timer.o(.data)
    mp_users                                 0x2000203c   Data           4  app_timer.o(.data)
    m_timer_id_head                          0x20002040   Data           4  app_timer.o(.data)
    m_ticks_latest                           0x20002044   Data           4  app_timer.o(.data)
    m_evt_schedule_func                      0x20002048   Data           4  app_timer.o(.data)
    m_ticks_elapsed                          0x2000204c   Data           8  app_timer.o(.data)
    .data                                    0x20002054   Section       20  softdevice_handler.o(.data)
    m_softdevice_enabled                     0x20002054   Data           1  softdevice_handler.o(.data)
    m_ble_evt_buffer_size                    0x20002056   Data           2  softdevice_handler.o(.data)
    m_evt_schedule_func                      0x20002058   Data           4  softdevice_handler.o(.data)
    mp_ble_evt_buffer                        0x2000205c   Data           4  softdevice_handler.o(.data)
    m_ble_evt_handler                        0x20002060   Data           4  softdevice_handler.o(.data)
    m_sys_evt_handler                        0x20002064   Data           4  softdevice_handler.o(.data)
    .bss                                     0x20002068   Section      884  main.o(.bss)
    BLE_EVT_BUFFER                           0x20002068   Data          72  main.o(.bss)
    APP_TIMER_BUF                            0x200020b0   Data         728  main.o(.bss)
    m_adv_params                             0x20002388   Data          24  main.o(.bss)
    .bss                                     0x200023dc   Section       32  app_uart_fifo.o(.bss)
    m_rx_fifo                                0x200023dc   Data          16  app_uart_fifo.o(.bss)
    m_tx_fifo                                0x200023ec   Data          16  app_uart_fifo.o(.bss)
    STACK                                    0x20002400   Section     2048  arm_startup_nrf51.o(STACK)

    Global Symbols

    Symbol Name                              Value     Ov Type        Size  Object(Section)

    BuildAttributes$$THM_ISAv3M$S$PE$A:L22$X:L11$S22$IEEE1$IW$USESV6$~STKCKD$USESV7$~SHL$OSPACE$ROPI$EBA8$MICROLIB$REQ8$PRES8$EABIv2 0x00000000   Number         0  anon$$obj.o ABSOLUTE
    __ARM_use_no_argv                        0x00000000   Number         0  main.o ABSOLUTE
    __cpp_initialize__aeabi_                  - Undefined Weak Reference
    __cxa_finalize                            - Undefined Weak Reference
    __decompress                              - Undefined Weak Reference
    _clock_init                               - Undefined Weak Reference
    _microlib_exit                            - Undefined Weak Reference
    assert_nrf_callback                       - Undefined Weak Reference
    __Vectors_Size                           0x000000c0   Number         0  arm_startup_nrf51.o ABSOLUTE
    __Vectors                                0x00018000   Data           4  arm_startup_nrf51.o(RESET)
    __Vectors_End                            0x000180c0   Data           0  arm_startup_nrf51.o(RESET)
    __main                                   0x000180c1   Thumb Code     0  entry.o(.ARM.Collect$$$$00000000)
    _main_stk                                0x000180c1   Thumb Code     0  entry2.o(.ARM.Collect$$$$00000001)
    _main_scatterload                        0x000180c5   Thumb Code     0  entry5.o(.ARM.Collect$$$$00000004)
    __main_after_scatterload                 0x000180c9   Thumb Code     0  entry5.o(.ARM.Collect$$$$00000004)
    _main_clock                              0x000180c9   Thumb Code     0  entry7b.o(.ARM.Collect$$$$00000008)
    _main_cpp_init                           0x000180c9   Thumb Code     0  entry8b.o(.ARM.Collect$$$$0000000A)
    _main_init                               0x000180c9   Thumb Code     0  entry9a.o(.ARM.Collect$$$$0000000B)
    __rt_final_cpp                           0x000180d1   Thumb Code     0  entry10a.o(.ARM.Collect$$$$0000000D)
    __rt_final_exit                          0x000180d1   Thumb Code     0  entry11a.o(.ARM.Collect$$$$0000000F)
    __asm___11_app_timer_c_cd27f9c3__nrf_delay_us 0x000180d5   Thumb Code    30  app_timer.o(.emb_text)
    Reset_Handler                            0x000180f5   Thumb Code    26  arm_startup_nrf51.o(.text)
    NMI_Handler                              0x0001810f   Thumb Code     2  arm_startup_nrf51.o(.text)
    HardFault_Handler                        0x00018111   Thumb Code     2  arm_startup_nrf51.o(.text)
    SVC_Handler                              0x00018113   Thumb Code     2  arm_startup_nrf51.o(.text)
    PendSV_Handler                           0x00018115   Thumb Code     2  arm_startup_nrf51.o(.text)
    SysTick_Handler                          0x00018117   Thumb Code     2  arm_startup_nrf51.o(.text)
    ADC_IRQHandler                           0x00018119   Thumb Code     0  arm_startup_nrf51.o(.text)
    CCM_AAR_IRQHandler                       0x00018119   Thumb Code     0  arm_startup_nrf51.o(.text)
    ECB_IRQHandler                           0x00018119   Thumb Code     0  arm_startup_nrf51.o(.text)
    GPIOTE_IRQHandler                        0x00018119   Thumb Code     0  arm_startup_nrf51.o(.text)
    LPCOMP_IRQHandler                        0x00018119   Thumb Code     0  arm_startup_nrf51.o(.text)
    POWER_CLOCK_IRQHandler                   0x00018119   Thumb Code     0  arm_startup_nrf51.o(.text)
    QDEC_IRQHandler                          0x00018119   Thumb Code     0  arm_startup_nrf51.o(.text)
    RADIO_IRQHandler                         0x00018119   Thumb Code     0  arm_startup_nrf51.o(.text)
    RNG_IRQHandler                           0x00018119   Thumb Code     0  arm_startup_nrf51.o(.text)
    RTC0_IRQHandler                          0x00018119   Thumb Code     0  arm_startup_nrf51.o(.text)
    SPI0_TWI0_IRQHandler                     0x00018119   Thumb Code     0  arm_startup_nrf51.o(.text)
    SPI1_TWI1_IRQHandler                     0x00018119   Thumb Code     0  arm_startup_nrf51.o(.text)
    SWI3_IRQHandler                          0x00018119   Thumb Code     0  arm_startup_nrf51.o(.text)
    SWI4_IRQHandler                          0x00018119   Thumb Code     0  arm_startup_nrf51.o(.text)
    SWI5_IRQHandler                          0x00018119   Thumb Code     0  arm_startup_nrf51.o(.text)
    TEMP_IRQHandler                          0x00018119   Thumb Code     0  arm_startup_nrf51.o(.text)
    TIMER0_IRQHandler                        0x00018119   Thumb Code     0  arm_startup_nrf51.o(.text)
    TIMER1_IRQHandler                        0x00018119   Thumb Code     0  arm_startup_nrf51.o(.text)
    TIMER2_IRQHandler                        0x00018119   Thumb Code     0  arm_startup_nrf51.o(.text)
    WDT_IRQHandler                           0x00018119   Thumb Code     0  arm_startup_nrf51.o(.text)
    __aeabi_memcpy                           0x0001812d   Thumb Code    36  memcpya.o(.text)
    __aeabi_memcpy4                          0x0001812d   Thumb Code     0  memcpya.o(.text)
    __aeabi_memcpy8                          0x0001812d   Thumb Code     0  memcpya.o(.text)
    __aeabi_memset                           0x00018151   Thumb Code    14  memseta.o(.text)
    __aeabi_memset4                          0x00018151   Thumb Code     0  memseta.o(.text)
    __aeabi_memset8                          0x00018151   Thumb Code     0  memseta.o(.text)
    __aeabi_memclr                           0x0001815f   Thumb Code     4  memseta.o(.text)
    __aeabi_memclr4                          0x0001815f   Thumb Code     0  memseta.o(.text)
    __aeabi_memclr8                          0x0001815f   Thumb Code     0  memseta.o(.text)
    _memset$wrapper                          0x00018163   Thumb Code    18  memseta.o(.text)
    __aeabi_dadd                             0x00018175   Thumb Code   328  dadd.o(.text)
    __aeabi_dsub                             0x000182bd   Thumb Code    12  dadd.o(.text)
    __aeabi_drsub                            0x000182c9   Thumb Code    12  dadd.o(.text)
    __aeabi_dmul                             0x000182d9   Thumb Code   202  dmul.o(.text)
    __aeabi_ddiv                             0x000183a9   Thumb Code   234  ddiv.o(.text)
    __aeabi_ui2d                             0x00018499   Thumb Code    24  dfltui.o(.text)
    __aeabi_d2uiz                            0x000184b5   Thumb Code    50  dfixui.o(.text)
    __aeabi_llsl                             0x000184f1   Thumb Code    32  llshl.o(.text)
    _ll_shift_l                              0x000184f1   Thumb Code     0  llshl.o(.text)
    __aeabi_llsr                             0x00018511   Thumb Code    34  llushr.o(.text)
    _ll_ushift_r                             0x00018511   Thumb Code     0  llushr.o(.text)
    __aeabi_lasr                             0x00018533   Thumb Code    38  llsshr.o(.text)
    _ll_sshift_r                             0x00018533   Thumb Code     0  llsshr.o(.text)
    __I$use$fp                               0x00018559   Thumb Code     0  iusefp.o(.text)
    _double_round                            0x00018559   Thumb Code    26  depilogue.o(.text)
    _double_epilogue                         0x00018573   Thumb Code   164  depilogue.o(.text)
    __scatterload                            0x00018619   Thumb Code    28  init.o(.text)
    __scatterload_rt2                        0x00018619   Thumb Code     0  init.o(.text)
    RTC1_IRQHandler                          0x00018681   Thumb Code    28  app_timer.o(i.RTC1_IRQHandler)
    SWI0_IRQHandler                          0x000186a1   Thumb Code    78  app_timer.o(i.SWI0_IRQHandler)
    SWI1_IRQHandler                          0x000186f5   Thumb Code    20  ble_radio_notification.o(i.SWI1_IRQHandler)
    SWI2_IRQHandler                          0x0001870d   Thumb Code    32  softdevice_handler.o(i.SWI2_IRQHandler)
    SystemInit                               0x00018731   Thumb Code    64  system_nrf51.o(i.SystemInit)
    UART0_IRQHandler                         0x00018785   Thumb Code   110  app_uart_fifo.o(i.UART0_IRQHandler)
    __ARM_clz                                0x00018805   Thumb Code    46  depilogue.o(i.__ARM_clz)
    __ARM_common_switch8                     0x00018833   Thumb Code    26  bsp.o(i.__ARM_common_switch8)
    __scatterload_copy                       0x0001884d   Thumb Code    14  handlers.o(i.__scatterload_copy)
    __scatterload_null                       0x0001885b   Thumb Code     2  handlers.o(i.__scatterload_null)
    __scatterload_zeroinit                   0x0001885d   Thumb Code    14  handlers.o(i.__scatterload_zeroinit)
    action_tx_stop                           0x000188b9   Thumb Code    26  app_uart_fifo.o(i.action_tx_stop)
    app_error_handler                        0x00018ab9   Thumb Code    16  app_error.o(i.app_error_handler)
    app_fifo_get                             0x00018ad1   Thumb Code    34  app_fifo.o(i.app_fifo_get)
    app_fifo_put                             0x00018af3   Thumb Code    34  app_fifo.o(i.app_fifo_put)
    app_timer_create                         0x00018b15   Thumb Code    72  app_timer.o(i.app_timer_create)
    app_timer_init                           0x00018b61   Thumb Code   164  app_timer.o(i.app_timer_init)
    app_timer_start                          0x00018c15   Thumb Code   122  app_timer.o(i.app_timer_start)
    app_timer_stop                           0x00018c99   Thumb Code    82  app_timer.o(i.app_timer_stop)
    ble_advdata_set                          0x00018cf1   Thumb Code    90  ble_advdata.o(i.ble_advdata_set)
    ble_radio_notification_init              0x00018d4d   Thumb Code    44  ble_radio_notification.o(i.ble_radio_notification_init)
    gpio_cnf                                 0x00018fb9   Thumb Code    40  main.o(i.gpio_cnf)
    intern_softdevice_events_execute         0x00018fe5   Thumb Code   124  softdevice_handler.o(i.intern_softdevice_events_execute)
    main                                     0x00019231   Thumb Code   118  main.o(i.main)
    measure_time_cnf                         0x00019321   Thumb Code    14  main.o(i.measure_time_cnf)
    ppi_cnf                                  0x00019461   Thumb Code    20  main.o(i.ppi_cnf)
    radio_notif_handler_evt                  0x00019481   Thumb Code   128  main.o(i.radio_notif_handler_evt)
    softdevice_assertion_handler             0x000195d9   Thumb Code    12  softdevice_handler.o(i.softdevice_assertion_handler)
    softdevice_handler_init                  0x000195e5   Thumb Code    40  softdevice_handler.o(i.softdevice_handler_init)
    timer2_cnf                               0x00019615   Thumb Code    12  main.o(i.timer2_cnf)
    Region$$Table$$Base                      0x000198d4   Number         0  anon$$obj.o(Region$$Table)
    Region$$Table$$Limit                     0x000198f4   Number         0  anon$$obj.o(Region$$Table)
    m_servicedata_count                      0x20002000   Data           1  main.o(.data)
    flags                                    0x20002001   Data           1  main.o(.data)
    m_service_data_data                      0x20002002   Data           1  main.o(.data)
    m_uuid                                   0x20002004   Data           2  main.o(.data)
    m_size                                   0x20002006   Data           2  main.o(.data)
    advcount                                 0x20002008   Data           4  main.o(.data)
    m_service_data_array                     0x20002010   Data           8  main.o(.data)
    SystemCoreClock                          0x20002018   Data           4  system_nrf51.o(.data)
    m_advdata                                0x200023a0   Data          48  main.o(.bss)
    m_service_data                           0x200023d0   Data          12  main.o(.bss)
    __initial_sp                             0x20002c00   Data           0  arm_startup_nrf51.o(STACK)



==============================================================================

Memory Map of the image

  Image Entry point : 0x000180c1

  Load Region LR_IROM1 (Base: 0x00018000, Size: 0x0000195c, Max: 0x00028000, ABSOLUTE)

    Execution Region ER_IROM1 (Base: 0x00018000, Size: 0x000018f4, Max: 0x00028000, ABSOLUTE)

    Base Addr    Size         Type   Attr      Idx    E Section Name        Object

    0x00018000   0x000000c0   Data   RO          316    RESET               arm_startup_nrf51.o
    0x000180c0   0x00000000   Code   RO         1704  * .ARM.Collect$$$$00000000  mc_p.l(entry.o)
    0x000180c0   0x00000004   Code   RO         1729    .ARM.Collect$$$$00000001  mc_p.l(entry2.o)
    0x000180c4   0x00000004   Code   RO         1732    .ARM.Collect$$$$00000004  mc_p.l(entry5.o)
    0x000180c8   0x00000000   Code   RO         1734    .ARM.Collect$$$$00000008  mc_p.l(entry7b.o)
    0x000180c8   0x00000000   Code   RO         1736    .ARM.Collect$$$$0000000A  mc_p.l(entry8b.o)
    0x000180c8   0x00000008   Code   RO         1737    .ARM.Collect$$$$0000000B  mc_p.l(entry9a.o)
    0x000180d0   0x00000000   Code   RO         1739    .ARM.Collect$$$$0000000D  mc_p.l(entry10a.o)
    0x000180d0   0x00000000   Code   RO         1741    .ARM.Collect$$$$0000000F  mc_p.l(entry11a.o)
    0x000180d0   0x00000004   Code   RO         1730    .ARM.Collect$$$$00002712  mc_p.l(entry2.o)
    0x000180d4   0x0000001e   Code   RO         1438    .emb_text           app_timer.o
    0x000180f2   0x00000002   PAD
    0x000180f4   0x00000038   Code   RO          317    .text               arm_startup_nrf51.o
    0x0001812c   0x00000024   Code   RO         1709    .text               mc_p.l(memcpya.o)
    0x00018150   0x00000024   Code   RO         1711    .text               mc_p.l(memseta.o)
    0x00018174   0x00000164   Code   RO         1719    .text               mf_p.l(dadd.o)
    0x000182d8   0x000000d0   Code   RO         1721    .text               mf_p.l(dmul.o)
    0x000183a8   0x000000f0   Code   RO         1723    .text               mf_p.l(ddiv.o)
    0x00018498   0x0000001c   Code   RO         1725    .text               mf_p.l(dfltui.o)
    0x000184b4   0x0000003c   Code   RO         1727    .text               mf_p.l(dfixui.o)
    0x000184f0   0x00000020   Code   RO         1743    .text               mc_p.l(llshl.o)
    0x00018510   0x00000022   Code   RO         1745    .text               mc_p.l(llushr.o)
    0x00018532   0x00000026   Code   RO         1747    .text               mc_p.l(llsshr.o)
    0x00018558   0x00000000   Code   RO         1749    .text               mc_p.l(iusefp.o)
    0x00018558   0x000000be   Code   RO         1750    .text               mf_p.l(depilogue.o)
    0x00018616   0x00000002   PAD
    0x00018618   0x00000024   Code   RO         1754    .text               mc_p.l(init.o)
    0x0001863c   0x00000044   Code   RO         1439    i.NVIC_SetPriority  app_timer.o
    0x00018680   0x00000020   Code   RO         1440    i.RTC1_IRQHandler   app_timer.o
    0x000186a0   0x00000054   Code   RO         1441    i.SWI0_IRQHandler   app_timer.o
    0x000186f4   0x00000018   Code   RO          794    i.SWI1_IRQHandler   ble_radio_notification.o
    0x0001870c   0x00000024   Code   RO         1648    i.SWI2_IRQHandler   softdevice_handler.o
    0x00018730   0x00000054   Code   RO          324    i.SystemInit        system_nrf51.o
    0x00018784   0x00000080   Code   RO         1036    i.UART0_IRQHandler  app_uart_fifo.o
    0x00018804   0x0000002e   Code   RO         1752    i.__ARM_clz         mf_p.l(depilogue.o)
    0x00018832   0x0000001a   Code   RO          292    i.__ARM_common_switch8  bsp.o
    0x0001884c   0x0000000e   Code   RO         1758    i.__scatterload_copy  mc_p.l(handlers.o)
    0x0001885a   0x00000002   Code   RO         1759    i.__scatterload_null  mc_p.l(handlers.o)
    0x0001885c   0x0000000e   Code   RO         1760    i.__scatterload_zeroinit  mc_p.l(handlers.o)
    0x0001886a   0x00000002   PAD
    0x0001886c   0x0000004c   Code   RO         1037    i.action_tx_send    app_uart_fifo.o
    0x000188b8   0x00000024   Code   RO         1038    i.action_tx_stop    app_uart_fifo.o
    0x000188dc   0x00000020   Code   RO         1039    i.action_uart_deactivate  app_uart_fifo.o
    0x000188fc   0x0000014a   Code   RO          673    i.adv_data_encode   ble_advdata.o
    0x00018a46   0x00000002   PAD
    0x00018a48   0x00000070   Code   RO            4    i.advertising_init  main.o
    0x00018ab8   0x00000018   Code   RO         1331    i.app_error_handler  app_error.o
    0x00018ad0   0x00000022   Code   RO         1353    i.app_fifo_get      app_fifo.o
    0x00018af2   0x00000022   Code   RO         1355    i.app_fifo_put      app_fifo.o
    0x00018b14   0x0000004c   Code   RO         1444    i.app_timer_create  app_timer.o
    0x00018b60   0x000000b4   Code   RO         1445    i.app_timer_init    app_timer.o
    0x00018c14   0x00000084   Code   RO         1446    i.app_timer_start   app_timer.o
    0x00018c98   0x00000058   Code   RO         1447    i.app_timer_stop    app_timer.o
    0x00018cf0   0x0000005a   Code   RO          674    i.ble_advdata_set   ble_advdata.o
    0x00018d4a   0x00000002   PAD
    0x00018d4c   0x00000030   Code   RO          795    i.ble_radio_notification_init  ble_radio_notification.o
    0x00018d7c   0x000000a4   Code   RO         1449    i.compare_reg_update  app_timer.o
    0x00018e20   0x00000084   Code   RO          675    i.conn_int_encode   ble_advdata.o
    0x00018ea4   0x00000040   Code   RO         1450    i.elapsed_ticks_acquire  app_timer.o
    0x00018ee4   0x00000058   Code   RO         1451    i.expired_timers_handler  app_timer.o
    0x00018f3c   0x0000007c   Code   RO            5    i.freq_meas_timeout_handler  main.o
    0x00018fb8   0x0000002c   Code   RO            6    i.gpio_cnf          main.o
    0x00018fe4   0x00000080   Code   RO         1649    i.intern_softdevice_events_execute  softdevice_handler.o
    0x00019064   0x00000048   Code   RO          325    i.is_manual_peripheral_setup_needed  system_nrf51.o
    0x000190ac   0x00000094   Code   RO         1452    i.list_deletions_handler  app_timer.o
    0x00019140   0x000000f0   Code   RO         1453    i.list_insertions_handler  app_timer.o
    0x00019230   0x0000008c   Code   RO            7    i.main              main.o
    0x000192bc   0x00000064   Code   RO          676    i.manuf_specific_data_encode  ble_advdata.o
    0x00019320   0x00000018   Code   RO            8    i.measure_time_cnf  main.o
    0x00019338   0x0000006a   Code   RO          677    i.name_encode       ble_advdata.o
    0x000193a2   0x00000002   PAD
    0x000193a4   0x00000024   Code   RO            9    i.nrf_gpio_pin_dir_set  main.o
    0x000193c8   0x00000010   Code   RO           10    i.nrf_gpio_pin_set  main.o
    0x000193d8   0x00000088   Code   RO         1047    i.on_uart_event     app_uart_fifo.o
    0x00019460   0x00000020   Code   RO           11    i.ppi_cnf           main.o
    0x00019480   0x00000098   Code   RO           12    i.radio_notif_handler_evt  main.o
    0x00019518   0x00000044   Code   RO         1454    i.rtc1_stop         app_timer.o
    0x0001955c   0x0000007c   Code   RO          678    i.service_data_encode  ble_advdata.o
    0x000195d8   0x0000000c   Code   RO         1650    i.softdevice_assertion_handler  softdevice_handler.o
    0x000195e4   0x00000030   Code   RO         1652    i.softdevice_handler_init  softdevice_handler.o
    0x00019614   0x00000010   Code   RO           13    i.timer2_cnf        main.o
    0x00019624   0x00000010   Code   RO         1455    i.timer_list_handler_sched  app_timer.o
    0x00019634   0x00000064   Code   RO         1456    i.timer_list_insert  app_timer.o
    0x00019698   0x00000070   Code   RO         1457    i.timer_list_remove  app_timer.o
    0x00019708   0x00000080   Code   RO         1458    i.timer_timeouts_check  app_timer.o
    0x00019788   0x0000000a   Code   RO          679    i.uint16_encode     ble_advdata.o
    0x00019792   0x00000002   PAD
    0x00019794   0x00000054   Code   RO         1459    i.user_id_get       app_timer.o
    0x000197e8   0x00000024   Code   RO         1460    i.user_op_alloc     app_timer.o
    0x0001980c   0x00000026   Code   RO          680    i.uuid_list_encode  ble_advdata.o
    0x00019832   0x000000a2   Code   RO          681    i.uuid_list_sized_encode  ble_advdata.o
    0x000198d4   0x00000020   Data   RO         1756    Region$$Table       anon$$obj.o


    Execution Region RW_IRAM1 (Base: 0x20002000, Size: 0x00000c00, Max: 0x00006000, ABSOLUTE)

    Base Addr    Size         Type   Attr      Idx    E Section Name        Object

    0x20002000   0x00000018   Data   RW           15    .data               main.o
    0x20002018   0x00000004   Data   RW          326    .data               system_nrf51.o
    0x2000201c   0x00000008   Data   RW          796    .data               ble_radio_notification.o
    0x20002024   0x0000000c   Data   RW         1049    .data               app_uart_fifo.o
    0x20002030   0x00000024   Data   RW         1461    .data               app_timer.o
    0x20002054   0x00000014   Data   RW         1655    .data               softdevice_handler.o
    0x20002068   0x00000374   Zero   RW           14    .bss                main.o
    0x200023dc   0x00000020   Zero   RW         1048    .bss                app_uart_fifo.o
    0x200023fc   0x00000004   PAD
    0x20002400   0x00000800   Zero   RW          314    STACK               arm_startup_nrf51.o


==============================================================================

Image component sizes


      Code (inc. data)   RO Data    RW Data    ZI Data      Debug   Object Name

         0          0          0          0          0       1676   app_button.o
        24          8          0          0          0       6908   app_error.o
        68          0          0          0          0       2430   app_fifo.o
      1938        160          0         36          0      26151   app_timer.o
       408         86          0         12         32       7720   app_uart_fifo.o
        56         18        192          0       2048        676   arm_startup_nrf51.o
      1092          6          0          0          0      11230   ble_advdata.o
        72          8          0          8          0       2088   ble_radio_notification.o
        26          0          0          0          0         72   bsp.o
       696        140          0         24        884      76298   main.o
         0          0          0          0          0       1400   pstorage.o
       224         16          0         20          0       4334   softdevice_handler.o
       156         26          0          4          0       2031   system_nrf51.o

    ----------------------------------------------------------------------
      4770        468        224        104       2968     143014   Object Totals
         0          0         32          0          0          0   (incl. Generated)
        10          0          0          0          4          0   (incl. Padding)

    ----------------------------------------------------------------------

      Code (inc. data)   RO Data    RW Data    ZI Data      Debug   Library Member Name

         0          0          0          0          0          0   entry.o
         0          0          0          0          0          0   entry10a.o
         0          0          0          0          0          0   entry11a.o
         8          4          0          0          0          0   entry2.o
         4          0          0          0          0          0   entry5.o
         0          0          0          0          0          0   entry7b.o
         0          0          0          0          0          0   entry8b.o
         8          4          0          0          0          0   entry9a.o
        30          0          0          0          0          0   handlers.o
        36          8          0          0          0         68   init.o
         0          0          0          0          0          0   iusefp.o
        32          0          0          0          0         68   llshl.o
        38          0          0          0          0         68   llsshr.o
        34          0          0          0          0         68   llushr.o
        36          0          0          0          0         60   memcpya.o
        36          0          0          0          0        100   memseta.o
       356          4          0          0          0        140   dadd.o
       240          6          0          0          0         84   ddiv.o
       236          0          0          0          0        216   depilogue.o
        60         10          0          0          0         68   dfixui.o
        28          4          0          0          0         68   dfltui.o
       208          6          0          0          0         88   dmul.o

    ----------------------------------------------------------------------
      1394         46          0          0          0       1096   Library Totals
         4          0          0          0          0          0   (incl. Padding)

    ----------------------------------------------------------------------

      Code (inc. data)   RO Data    RW Data    ZI Data      Debug   Library Name

       262         16          0          0          0        432   mc_p.l
      1128         30          0          0          0        664   mf_p.l

    ----------------------------------------------------------------------
      1394         46          0          0          0       1096   Library Totals

    ----------------------------------------------------------------------

==============================================================================


      Code (inc. data)   RO Data    RW Data    ZI Data      Debug   

      6164        514        224        104       2968     141394   Grand Totals
      6164        514        224        104       2968     141394   ELF Image Totals
      6164        514        224        104          0          0   ROM Totals

==============================================================================

    Total RO  Size (Code + RO Data)                 6388 (   6.24kB)
    Total RW  Size (RW Data + ZI Data)              3072 (   3.00kB)
    Total ROM Size (Code + RO Data + RW Data)       6492 (   6.34kB)

==============================================================================

